student@T4:~$ cd ajce
student@T4:~/ajce$ cd findcommand
bash: cd: findcommand: No such file or directory
student@T4:~/ajce$ mkdir findcommand
student@T4:~/ajce$ cd findcommand
student@T4:~/ajce/findcommand$ cat > aa.txt
hello
hai
^C
student@T4:~/ajce/findcommand$ find.-name aa.txt
find.-name: command not found
student@T4:~/ajce/findcommand$ find . -name aa.txt
./aa.txt
student@T4:~/ajce/findcommand$ find / -name aa.txt
find: ‘/tmp/systemd-private-ed70361c37b3487ab5bc2303ff8da2a1-systemd-timesyncd.service-JDhi3l’: Permission denied
find: ‘/tmp/systemd-private-ed70361c37b3487ab5bc2303ff8da2a1-rtkit-daemon.service-wgw7FC’: Permission denied
find: ‘/tmp/systemd-private-ed70361c37b3487ab5bc2303ff8da2a1-fwupd.service-s92Y8E’: Permission denied
find: ‘/tmp/systemd-private-ed70361c37b3487ab5bc2303ff8da2a1-systemd-resolved.service-zp2yWF’: Permission denied
find: ‘/tmp/systemd-private-ed70361c37b3487ab5bc2303ff8da2a1-colord.service-AvtLXd’: Permission denied
find: ‘/tmp/systemd-private-ed70361c37b3487ab5bc2303ff8da2a1-bolt.service-JV0Ohh’: Permission denied
find: ‘/media’: Permission denied
find: ‘/proc/tty/driver’: Permission denied
find: ‘/proc/1/task/1/fd’: Permission denied
find: ‘/proc/1/task/1/fdinfo’: Permission denied
find: ‘/proc/1/task/1/ns’: Permission denied
find: ‘/proc/1/fd’: Permission denied
find: ‘/proc/1/map_files’: Permission denied
find: ‘/proc/1/fdinfo’: Permission denied
find: ‘/proc/1/ns’: Permission denied
find: ‘/proc/2/task/2/fd’: Permission denied
find: ‘/proc/2/task/2/fdinfo’: Permission denied
find: ‘/proc/2/task/2/ns’: Permission denied
find: ‘/proc/2/fd’: Permission denied
find: ‘/proc/2/map_files’: Permission denied
find: ‘/proc/2/fdinfo’: Permission denied
find: ‘/proc/2/ns’: Permission denied
find: ‘/proc/4/task/4/fd’: Permission denied
find: ‘/proc/4/task/4/fdinfo’: Permission denied
find: ‘/proc/4/task/4/ns’: Permission denied
find: ‘/proc/4/fd’: Permission denied
find: ‘/proc/4/map_files’: Permission denied
find: ‘/proc/4/fdinfo’: Permission denied
find: ‘/proc/4/ns’: Permission denied
find: ‘/proc/6/task/6/fd’: Permission denied
find: ‘/proc/6/task/6/fdinfo’: Permission denied
find: ‘/proc/6/task/6/ns’: Permission denied
find: ‘/proc/6/fd’: Permission denied
find: ‘/proc/6/map_files’: Permission denied
find: ‘/proc/6/fdinfo’: Permission denied
find: ‘/proc/6/ns’: Permission denied
find: ‘/proc/7/task/7/fd’: Permission denied
find: ‘/proc/7/task/7/fdinfo’: Permission denied
find: ‘/proc/7/task/7/ns’: Permission denied
find: ‘/proc/7/fd’: Permission denied
find: ‘/proc/7/map_files’: Permission denied
find: ‘/proc/7/fdinfo’: Permission denied
find: ‘/proc/7/ns’: Permission denied
find: ‘/proc/8/task/8/fd’: Permission denied
find: ‘/proc/8/task/8/fdinfo’: Permission denied
find: ‘/proc/8/task/8/ns’: Permission denied
find: ‘/proc/8/fd’: Permission denied
find: ‘/proc/8/map_files’: Permission denied
find: ‘/proc/8/fdinfo’: Permission denied
find: ‘/proc/8/ns’: Permission denied
find: ‘/proc/9/task/9/fd’: Permission denied
find: ‘/proc/9/task/9/fdinfo’: Permission denied
find: ‘/proc/9/task/9/ns’: Permission denied
find: ‘/proc/9/fd’: Permission denied
find: ‘/proc/9/map_files’: Permission denied
find: ‘/proc/9/fdinfo’: Permission denied
find: ‘/proc/9/ns’: Permission denied
find: ‘/proc/10/task/10/fd’: Permission denied
find: ‘/proc/10/task/10/fdinfo’: Permission denied
find: ‘/proc/10/task/10/ns’: Permission denied
find: ‘/proc/10/fd’: Permission denied
find: ‘/proc/10/map_files’: Permission denied
find: ‘/proc/10/fdinfo’: Permission denied
find: ‘/proc/10/ns’: Permission denied
find: ‘/proc/11/task/11/fd’: Permission denied
find: ‘/proc/11/task/11/fdinfo’: Permission denied
find: ‘/proc/11/task/11/ns’: Permission denied
find: ‘/proc/11/fd’: Permission denied
find: ‘/proc/11/map_files’: Permission denied
find: ‘/proc/11/fdinfo’: Permission denied
find: ‘/proc/11/ns’: Permission denied
find: ‘/proc/12/task/12/fd’: Permission denied
find: ‘/proc/12/task/12/fdinfo’: Permission denied
find: ‘/proc/12/task/12/ns’: Permission denied
find: ‘/proc/12/fd’: Permission denied
find: ‘/proc/12/map_files’: Permission denied
find: ‘/proc/12/fdinfo’: Permission denied
find: ‘/proc/12/ns’: Permission denied
find: ‘/proc/13/task/13/fd’: Permission denied
find: ‘/proc/13/task/13/fdinfo’: Permission denied
find: ‘/proc/13/task/13/ns’: Permission denied
find: ‘/proc/13/fd’: Permission denied
find: ‘/proc/13/map_files’: Permission denied
find: ‘/proc/13/fdinfo’: Permission denied
find: ‘/proc/13/ns’: Permission denied
find: ‘/proc/14/task/14/fd’: Permission denied
find: ‘/proc/14/task/14/fdinfo’: Permission denied
find: ‘/proc/14/task/14/ns’: Permission denied
find: ‘/proc/14/fd’: Permission denied
find: ‘/proc/14/map_files’: Permission denied
find: ‘/proc/14/fdinfo’: Permission denied
find: ‘/proc/14/ns’: Permission denied
find: ‘/proc/15/task/15/fd’: Permission denied
find: ‘/proc/15/task/15/fdinfo’: Permission denied
find: ‘/proc/15/task/15/ns’: Permission denied
find: ‘/proc/15/fd’: Permission denied
find: ‘/proc/15/map_files’: Permission denied
find: ‘/proc/15/fdinfo’: Permission denied
find: ‘/proc/15/ns’: Permission denied
find: ‘/proc/16/task/16/fd’: Permission denied
find: ‘/proc/16/task/16/fdinfo’: Permission denied
find: ‘/proc/16/task/16/ns’: Permission denied
find: ‘/proc/16/fd’: Permission denied
find: ‘/proc/16/map_files’: Permission denied
find: ‘/proc/16/fdinfo’: Permission denied
find: ‘/proc/16/ns’: Permission denied
find: ‘/proc/18/task/18/fd’: Permission denied
find: ‘/proc/18/task/18/fdinfo’: Permission denied
find: ‘/proc/18/task/18/ns’: Permission denied
find: ‘/proc/18/fd’: Permission denied
find: ‘/proc/18/map_files’: Permission denied
find: ‘/proc/18/fdinfo’: Permission denied
find: ‘/proc/18/ns’: Permission denied
find: ‘/proc/19/task/19/fd’: Permission denied
find: ‘/proc/19/task/19/fdinfo’: Permission denied
find: ‘/proc/19/task/19/ns’: Permission denied
find: ‘/proc/19/fd’: Permission denied
find: ‘/proc/19/map_files’: Permission denied
find: ‘/proc/19/fdinfo’: Permission denied
find: ‘/proc/19/ns’: Permission denied
find: ‘/proc/20/task/20/fd’: Permission denied
find: ‘/proc/20/task/20/fdinfo’: Permission denied
find: ‘/proc/20/task/20/ns’: Permission denied
find: ‘/proc/20/fd’: Permission denied
find: ‘/proc/20/map_files’: Permission denied
find: ‘/proc/20/fdinfo’: Permission denied
find: ‘/proc/20/ns’: Permission denied
find: ‘/proc/21/task/21/fd’: Permission denied
find: ‘/proc/21/task/21/fdinfo’: Permission denied
find: ‘/proc/21/task/21/ns’: Permission denied
find: ‘/proc/21/fd’: Permission denied
find: ‘/proc/21/map_files’: Permission denied
find: ‘/proc/21/fdinfo’: Permission denied
find: ‘/proc/21/ns’: Permission denied
find: ‘/proc/22/task/22/fd’: Permission denied
find: ‘/proc/22/task/22/fdinfo’: Permission denied
find: ‘/proc/22/task/22/ns’: Permission denied
find: ‘/proc/22/fd’: Permission denied
find: ‘/proc/22/map_files’: Permission denied
find: ‘/proc/22/fdinfo’: Permission denied
find: ‘/proc/22/ns’: Permission denied
find: ‘/proc/23/task/23/fd’: Permission denied
find: ‘/proc/23/task/23/fdinfo’: Permission denied
find: ‘/proc/23/task/23/ns’: Permission denied
find: ‘/proc/23/fd’: Permission denied
find: ‘/proc/23/map_files’: Permission denied
find: ‘/proc/23/fdinfo’: Permission denied
find: ‘/proc/23/ns’: Permission denied
find: ‘/proc/24/task/24/fd’: Permission denied
find: ‘/proc/24/task/24/fdinfo’: Permission denied
find: ‘/proc/24/task/24/ns’: Permission denied
find: ‘/proc/24/fd’: Permission denied
find: ‘/proc/24/map_files’: Permission denied
find: ‘/proc/24/fdinfo’: Permission denied
find: ‘/proc/24/ns’: Permission denied
find: ‘/proc/25/task/25/fd’: Permission denied
find: ‘/proc/25/task/25/fdinfo’: Permission denied
find: ‘/proc/25/task/25/ns’: Permission denied
find: ‘/proc/25/fd’: Permission denied
find: ‘/proc/25/map_files’: Permission denied
find: ‘/proc/25/fdinfo’: Permission denied
find: ‘/proc/25/ns’: Permission denied
find: ‘/proc/26/task/26/fd’: Permission denied
find: ‘/proc/26/task/26/fdinfo’: Permission denied
find: ‘/proc/26/task/26/ns’: Permission denied
find: ‘/proc/26/fd’: Permission denied
find: ‘/proc/26/map_files’: Permission denied
find: ‘/proc/26/fdinfo’: Permission denied
find: ‘/proc/26/ns’: Permission denied
find: ‘/proc/27/task/27/fd’: Permission denied
find: ‘/proc/27/task/27/fdinfo’: Permission denied
find: ‘/proc/27/task/27/ns’: Permission denied
find: ‘/proc/27/fd’: Permission denied
find: ‘/proc/27/map_files’: Permission denied
find: ‘/proc/27/fdinfo’: Permission denied
find: ‘/proc/27/ns’: Permission denied
find: ‘/proc/28/task/28/fd’: Permission denied
find: ‘/proc/28/task/28/fdinfo’: Permission denied
find: ‘/proc/28/task/28/ns’: Permission denied
find: ‘/proc/28/fd’: Permission denied
find: ‘/proc/28/map_files’: Permission denied
find: ‘/proc/28/fdinfo’: Permission denied
find: ‘/proc/28/ns’: Permission denied
find: ‘/proc/30/task/30/fd’: Permission denied
find: ‘/proc/30/task/30/fdinfo’: Permission denied
find: ‘/proc/30/task/30/ns’: Permission denied
find: ‘/proc/30/fd’: Permission denied
find: ‘/proc/30/map_files’: Permission denied
find: ‘/proc/30/fdinfo’: Permission denied
find: ‘/proc/30/ns’: Permission denied
find: ‘/proc/31/task/31/fd’: Permission denied
find: ‘/proc/31/task/31/fdinfo’: Permission denied
find: ‘/proc/31/task/31/ns’: Permission denied
find: ‘/proc/31/fd’: Permission denied
find: ‘/proc/31/map_files’: Permission denied
find: ‘/proc/31/fdinfo’: Permission denied
find: ‘/proc/31/ns’: Permission denied
find: ‘/proc/32/task/32/fd’: Permission denied
find: ‘/proc/32/task/32/fdinfo’: Permission denied
find: ‘/proc/32/task/32/ns’: Permission denied
find: ‘/proc/32/fd’: Permission denied
find: ‘/proc/32/map_files’: Permission denied
find: ‘/proc/32/fdinfo’: Permission denied
find: ‘/proc/32/ns’: Permission denied
find: ‘/proc/33/task/33/fd’: Permission denied
find: ‘/proc/33/task/33/fdinfo’: Permission denied
find: ‘/proc/33/task/33/ns’: Permission denied
find: ‘/proc/33/fd’: Permission denied
find: ‘/proc/33/map_files’: Permission denied
find: ‘/proc/33/fdinfo’: Permission denied
find: ‘/proc/33/ns’: Permission denied
find: ‘/proc/34/task/34/fd’: Permission denied
find: ‘/proc/34/task/34/fdinfo’: Permission denied
find: ‘/proc/34/task/34/ns’: Permission denied
find: ‘/proc/34/fd’: Permission denied
find: ‘/proc/34/map_files’: Permission denied
find: ‘/proc/34/fdinfo’: Permission denied
find: ‘/proc/34/ns’: Permission denied
find: ‘/proc/35/task/35/fd’: Permission denied
find: ‘/proc/35/task/35/fdinfo’: Permission denied
find: ‘/proc/35/task/35/ns’: Permission denied
find: ‘/proc/35/fd’: Permission denied
find: ‘/proc/35/map_files’: Permission denied
find: ‘/proc/35/fdinfo’: Permission denied
find: ‘/proc/35/ns’: Permission denied
find: ‘/proc/36/task/36/fd’: Permission denied
find: ‘/proc/36/task/36/fdinfo’: Permission denied
find: ‘/proc/36/task/36/ns’: Permission denied
find: ‘/proc/36/fd’: Permission denied
find: ‘/proc/36/map_files’: Permission denied
find: ‘/proc/36/fdinfo’: Permission denied
find: ‘/proc/36/ns’: Permission denied
find: ‘/proc/38/task/38/fd’: Permission denied
find: ‘/proc/38/task/38/fdinfo’: Permission denied
find: ‘/proc/38/task/38/ns’: Permission denied
find: ‘/proc/38/fd’: Permission denied
find: ‘/proc/38/map_files’: Permission denied
find: ‘/proc/38/fdinfo’: Permission denied
find: ‘/proc/38/ns’: Permission denied
find: ‘/proc/39/task/39/fd’: Permission denied
find: ‘/proc/39/task/39/fdinfo’: Permission denied
find: ‘/proc/39/task/39/ns’: Permission denied
find: ‘/proc/39/fd’: Permission denied
find: ‘/proc/39/map_files’: Permission denied
find: ‘/proc/39/fdinfo’: Permission denied
find: ‘/proc/39/ns’: Permission denied
find: ‘/proc/40/task/40/fd’: Permission denied
find: ‘/proc/40/task/40/fdinfo’: Permission denied
find: ‘/proc/40/task/40/ns’: Permission denied
find: ‘/proc/40/fd’: Permission denied
find: ‘/proc/40/map_files’: Permission denied
find: ‘/proc/40/fdinfo’: Permission denied
find: ‘/proc/40/ns’: Permission denied
find: ‘/proc/41/task/41/fd’: Permission denied
find: ‘/proc/41/task/41/fdinfo’: Permission denied
find: ‘/proc/41/task/41/ns’: Permission denied
find: ‘/proc/41/fd’: Permission denied
find: ‘/proc/41/map_files’: Permission denied
find: ‘/proc/41/fdinfo’: Permission denied
find: ‘/proc/41/ns’: Permission denied
find: ‘/proc/42/task/42/fd’: Permission denied
find: ‘/proc/42/task/42/fdinfo’: Permission denied
find: ‘/proc/42/task/42/ns’: Permission denied
find: ‘/proc/42/fd’: Permission denied
find: ‘/proc/42/map_files’: Permission denied
find: ‘/proc/42/fdinfo’: Permission denied
find: ‘/proc/42/ns’: Permission denied
find: ‘/proc/43/task/43/fd’: Permission denied
find: ‘/proc/43/task/43/fdinfo’: Permission denied
find: ‘/proc/43/task/43/ns’: Permission denied
find: ‘/proc/43/fd’: Permission denied
find: ‘/proc/43/map_files’: Permission denied
find: ‘/proc/43/fdinfo’: Permission denied
find: ‘/proc/43/ns’: Permission denied
find: ‘/proc/44/task/44/fd’: Permission denied
find: ‘/proc/44/task/44/fdinfo’: Permission denied
find: ‘/proc/44/task/44/ns’: Permission denied
find: ‘/proc/44/fd’: Permission denied
find: ‘/proc/44/map_files’: Permission denied
find: ‘/proc/44/fdinfo’: Permission denied
find: ‘/proc/44/ns’: Permission denied
find: ‘/proc/45/task/45/fd’: Permission denied
find: ‘/proc/45/task/45/fdinfo’: Permission denied
find: ‘/proc/45/task/45/ns’: Permission denied
find: ‘/proc/45/fd’: Permission denied
find: ‘/proc/45/map_files’: Permission denied
find: ‘/proc/45/fdinfo’: Permission denied
find: ‘/proc/45/ns’: Permission denied
find: ‘/proc/46/task/46/fd’: Permission denied
find: ‘/proc/46/task/46/fdinfo’: Permission denied
find: ‘/proc/46/task/46/ns’: Permission denied
find: ‘/proc/46/fd’: Permission denied
find: ‘/proc/46/map_files’: Permission denied
find: ‘/proc/46/fdinfo’: Permission denied
find: ‘/proc/46/ns’: Permission denied
find: ‘/proc/47/task/47/fd’: Permission denied
find: ‘/proc/47/task/47/fdinfo’: Permission denied
find: ‘/proc/47/task/47/ns’: Permission denied
find: ‘/proc/47/fd’: Permission denied
find: ‘/proc/47/map_files’: Permission denied
find: ‘/proc/47/fdinfo’: Permission denied
find: ‘/proc/47/ns’: Permission denied
find: ‘/proc/48/task/48/fd’: Permission denied
find: ‘/proc/48/task/48/fdinfo’: Permission denied
find: ‘/proc/48/task/48/ns’: Permission denied
find: ‘/proc/48/fd’: Permission denied
find: ‘/proc/48/map_files’: Permission denied
find: ‘/proc/48/fdinfo’: Permission denied
find: ‘/proc/48/ns’: Permission denied
find: ‘/proc/49/task/49/fd’: Permission denied
find: ‘/proc/49/task/49/fdinfo’: Permission denied
find: ‘/proc/49/task/49/ns’: Permission denied
find: ‘/proc/49/fd’: Permission denied
find: ‘/proc/49/map_files’: Permission denied
find: ‘/proc/49/fdinfo’: Permission denied
find: ‘/proc/49/ns’: Permission denied
find: ‘/proc/50/task/50/fd’: Permission denied
find: ‘/proc/50/task/50/fdinfo’: Permission denied
find: ‘/proc/50/task/50/ns’: Permission denied
find: ‘/proc/50/fd’: Permission denied
find: ‘/proc/50/map_files’: Permission denied
find: ‘/proc/50/fdinfo’: Permission denied
find: ‘/proc/50/ns’: Permission denied
find: ‘/proc/51/task/51/fd’: Permission denied
find: ‘/proc/51/task/51/fdinfo’: Permission denied
find: ‘/proc/51/task/51/ns’: Permission denied
find: ‘/proc/51/fd’: Permission denied
find: ‘/proc/51/map_files’: Permission denied
find: ‘/proc/51/fdinfo’: Permission denied
find: ‘/proc/51/ns’: Permission denied
find: ‘/proc/52/task/52/fd’: Permission denied
find: ‘/proc/52/task/52/fdinfo’: Permission denied
find: ‘/proc/52/task/52/ns’: Permission denied
find: ‘/proc/52/fd’: Permission denied
find: ‘/proc/52/map_files’: Permission denied
find: ‘/proc/52/fdinfo’: Permission denied
find: ‘/proc/52/ns’: Permission denied
find: ‘/proc/55/task/55/fd’: Permission denied
find: ‘/proc/55/task/55/fdinfo’: Permission denied
find: ‘/proc/55/task/55/ns’: Permission denied
find: ‘/proc/55/fd’: Permission denied
find: ‘/proc/55/map_files’: Permission denied
find: ‘/proc/55/fdinfo’: Permission denied
find: ‘/proc/55/ns’: Permission denied
find: ‘/proc/56/task/56/fd’: Permission denied
find: ‘/proc/56/task/56/fdinfo’: Permission denied
find: ‘/proc/56/task/56/ns’: Permission denied
find: ‘/proc/56/fd’: Permission denied
find: ‘/proc/56/map_files’: Permission denied
find: ‘/proc/56/fdinfo’: Permission denied
find: ‘/proc/56/ns’: Permission denied
find: ‘/proc/98/task/98/fd’: Permission denied
find: ‘/proc/98/task/98/fdinfo’: Permission denied
find: ‘/proc/98/task/98/ns’: Permission denied
find: ‘/proc/98/fd’: Permission denied
find: ‘/proc/98/map_files’: Permission denied
find: ‘/proc/98/fdinfo’: Permission denied
find: ‘/proc/98/ns’: Permission denied
find: ‘/proc/99/task/99/fd’: Permission denied
find: ‘/proc/99/task/99/fdinfo’: Permission denied
find: ‘/proc/99/task/99/ns’: Permission denied
find: ‘/proc/99/fd’: Permission denied
find: ‘/proc/99/map_files’: Permission denied
find: ‘/proc/99/fdinfo’: Permission denied
find: ‘/proc/99/ns’: Permission denied
find: ‘/proc/103/task/103/fd’: Permission denied
find: ‘/proc/103/task/103/fdinfo’: Permission denied
find: ‘/proc/103/task/103/ns’: Permission denied
find: ‘/proc/103/fd’: Permission denied
find: ‘/proc/103/map_files’: Permission denied
find: ‘/proc/103/fdinfo’: Permission denied
find: ‘/proc/103/ns’: Permission denied
find: ‘/proc/112/task/112/fd’: Permission denied
find: ‘/proc/112/task/112/fdinfo’: Permission denied
find: ‘/proc/112/task/112/ns’: Permission denied
find: ‘/proc/112/fd’: Permission denied
find: ‘/proc/112/map_files’: Permission denied
find: ‘/proc/112/fdinfo’: Permission denied
find: ‘/proc/112/ns’: Permission denied
find: ‘/proc/129/task/129/fd’: Permission denied
find: ‘/proc/129/task/129/fdinfo’: Permission denied
find: ‘/proc/129/task/129/ns’: Permission denied
find: ‘/proc/129/fd’: Permission denied
find: ‘/proc/129/map_files’: Permission denied
find: ‘/proc/129/fdinfo’: Permission denied
find: ‘/proc/129/ns’: Permission denied
find: ‘/proc/181/task/181/fd’: Permission denied
find: ‘/proc/181/task/181/fdinfo’: Permission denied
find: ‘/proc/181/task/181/ns’: Permission denied
find: ‘/proc/181/fd’: Permission denied
find: ‘/proc/181/map_files’: Permission denied
find: ‘/proc/181/fdinfo’: Permission denied
find: ‘/proc/181/ns’: Permission denied
find: ‘/proc/182/task/182/fd’: Permission denied
find: ‘/proc/182/task/182/fdinfo’: Permission denied
find: ‘/proc/182/task/182/ns’: Permission denied
find: ‘/proc/182/fd’: Permission denied
find: ‘/proc/182/map_files’: Permission denied
find: ‘/proc/182/fdinfo’: Permission denied
find: ‘/proc/182/ns’: Permission denied
find: ‘/proc/183/task/183/fd’: Permission denied
find: ‘/proc/183/task/183/fdinfo’: Permission denied
find: ‘/proc/183/task/183/ns’: Permission denied
find: ‘/proc/183/fd’: Permission denied
find: ‘/proc/183/map_files’: Permission denied
find: ‘/proc/183/fdinfo’: Permission denied
find: ‘/proc/183/ns’: Permission denied
find: ‘/proc/184/task/184/fd’: Permission denied
find: ‘/proc/184/task/184/fdinfo’: Permission denied
find: ‘/proc/184/task/184/ns’: Permission denied
find: ‘/proc/184/fd’: Permission denied
find: ‘/proc/184/map_files’: Permission denied
find: ‘/proc/184/fdinfo’: Permission denied
find: ‘/proc/184/ns’: Permission denied
find: ‘/proc/185/task/185/fd’: Permission denied
find: ‘/proc/185/task/185/fdinfo’: Permission denied
find: ‘/proc/185/task/185/ns’: Permission denied
find: ‘/proc/185/fd’: Permission denied
find: ‘/proc/185/map_files’: Permission denied
find: ‘/proc/185/fdinfo’: Permission denied
find: ‘/proc/185/ns’: Permission denied
find: ‘/proc/186/task/186/fd’: Permission denied
find: ‘/proc/186/task/186/fdinfo’: Permission denied
find: ‘/proc/186/task/186/ns’: Permission denied
find: ‘/proc/186/fd’: Permission denied
find: ‘/proc/186/map_files’: Permission denied
find: ‘/proc/186/fdinfo’: Permission denied
find: ‘/proc/186/ns’: Permission denied
find: ‘/proc/187/task/187/fd’: Permission denied
find: ‘/proc/187/task/187/fdinfo’: Permission denied
find: ‘/proc/187/task/187/ns’: Permission denied
find: ‘/proc/187/fd’: Permission denied
find: ‘/proc/187/map_files’: Permission denied
find: ‘/proc/187/fdinfo’: Permission denied
find: ‘/proc/187/ns’: Permission denied
find: ‘/proc/188/task/188/fd’: Permission denied
find: ‘/proc/188/task/188/fdinfo’: Permission denied
find: ‘/proc/188/task/188/ns’: Permission denied
find: ‘/proc/188/fd’: Permission denied
find: ‘/proc/188/map_files’: Permission denied
find: ‘/proc/188/fdinfo’: Permission denied
find: ‘/proc/188/ns’: Permission denied
find: ‘/proc/189/task/189/fd’: Permission denied
find: ‘/proc/189/task/189/fdinfo’: Permission denied
find: ‘/proc/189/task/189/ns’: Permission denied
find: ‘/proc/189/fd’: Permission denied
find: ‘/proc/189/map_files’: Permission denied
find: ‘/proc/189/fdinfo’: Permission denied
find: ‘/proc/189/ns’: Permission denied
find: ‘/proc/190/task/190/fd’: Permission denied
find: ‘/proc/190/task/190/fdinfo’: Permission denied
find: ‘/proc/190/task/190/ns’: Permission denied
find: ‘/proc/190/fd’: Permission denied
find: ‘/proc/190/map_files’: Permission denied
find: ‘/proc/190/fdinfo’: Permission denied
find: ‘/proc/190/ns’: Permission denied
find: ‘/proc/191/task/191/fd’: Permission denied
find: ‘/proc/191/task/191/fdinfo’: Permission denied
find: ‘/proc/191/task/191/ns’: Permission denied
find: ‘/proc/191/fd’: Permission denied
find: ‘/proc/191/map_files’: Permission denied
find: ‘/proc/191/fdinfo’: Permission denied
find: ‘/proc/191/ns’: Permission denied
find: ‘/proc/192/task/192/fd’: Permission denied
find: ‘/proc/192/task/192/fdinfo’: Permission denied
find: ‘/proc/192/task/192/ns’: Permission denied
find: ‘/proc/192/fd’: Permission denied
find: ‘/proc/192/map_files’: Permission denied
find: ‘/proc/192/fdinfo’: Permission denied
find: ‘/proc/192/ns’: Permission denied
find: ‘/proc/195/task/195/fd’: Permission denied
find: ‘/proc/195/task/195/fdinfo’: Permission denied
find: ‘/proc/195/task/195/ns’: Permission denied
find: ‘/proc/195/fd’: Permission denied
find: ‘/proc/195/map_files’: Permission denied
find: ‘/proc/195/fdinfo’: Permission denied
find: ‘/proc/195/ns’: Permission denied
find: ‘/proc/197/task/197/fd’: Permission denied
find: ‘/proc/197/task/197/fdinfo’: Permission denied
find: ‘/proc/197/task/197/ns’: Permission denied
find: ‘/proc/197/fd’: Permission denied
find: ‘/proc/197/map_files’: Permission denied
find: ‘/proc/197/fdinfo’: Permission denied
find: ‘/proc/197/ns’: Permission denied
find: ‘/proc/198/task/198/fd’: Permission denied
find: ‘/proc/198/task/198/fdinfo’: Permission denied
find: ‘/proc/198/task/198/ns’: Permission denied
find: ‘/proc/198/fd’: Permission denied
find: ‘/proc/198/map_files’: Permission denied
find: ‘/proc/198/fdinfo’: Permission denied
find: ‘/proc/198/ns’: Permission denied
find: ‘/proc/199/task/199/fd’: Permission denied
find: ‘/proc/199/task/199/fdinfo’: Permission denied
find: ‘/proc/199/task/199/ns’: Permission denied
find: ‘/proc/199/fd’: Permission denied
find: ‘/proc/199/map_files’: Permission denied
find: ‘/proc/199/fdinfo’: Permission denied
find: ‘/proc/199/ns’: Permission denied
find: ‘/proc/200/task/200/fd’: Permission denied
find: ‘/proc/200/task/200/fdinfo’: Permission denied
find: ‘/proc/200/task/200/ns’: Permission denied
find: ‘/proc/200/fd’: Permission denied
find: ‘/proc/200/map_files’: Permission denied
find: ‘/proc/200/fdinfo’: Permission denied
find: ‘/proc/200/ns’: Permission denied
find: ‘/proc/201/task/201/fd’: Permission denied
find: ‘/proc/201/task/201/fdinfo’: Permission denied
find: ‘/proc/201/task/201/ns’: Permission denied
find: ‘/proc/201/fd’: Permission denied
find: ‘/proc/201/map_files’: Permission denied
find: ‘/proc/201/fdinfo’: Permission denied
find: ‘/proc/201/ns’: Permission denied
find: ‘/proc/205/task/205/fd’: Permission denied
find: ‘/proc/205/task/205/fdinfo’: Permission denied
find: ‘/proc/205/task/205/ns’: Permission denied
find: ‘/proc/205/fd’: Permission denied
find: ‘/proc/205/map_files’: Permission denied
find: ‘/proc/205/fdinfo’: Permission denied
find: ‘/proc/205/ns’: Permission denied
find: ‘/proc/215/task/215/fd’: Permission denied
find: ‘/proc/215/task/215/fdinfo’: Permission denied
find: ‘/proc/215/task/215/ns’: Permission denied
find: ‘/proc/215/fd’: Permission denied
find: ‘/proc/215/map_files’: Permission denied
find: ‘/proc/215/fdinfo’: Permission denied
find: ‘/proc/215/ns’: Permission denied
find: ‘/proc/216/task/216/fd’: Permission denied
find: ‘/proc/216/task/216/fdinfo’: Permission denied
find: ‘/proc/216/task/216/ns’: Permission denied
find: ‘/proc/216/fd’: Permission denied
find: ‘/proc/216/map_files’: Permission denied
find: ‘/proc/216/fdinfo’: Permission denied
find: ‘/proc/216/ns’: Permission denied
find: ‘/proc/244/task/244/fd’: Permission denied
find: ‘/proc/244/task/244/fdinfo’: Permission denied
find: ‘/proc/244/task/244/ns’: Permission denied
find: ‘/proc/244/fd’: Permission denied
find: ‘/proc/244/map_files’: Permission denied
find: ‘/proc/244/fdinfo’: Permission denied
find: ‘/proc/244/ns’: Permission denied
find: ‘/proc/245/task/245/fd’: Permission denied
find: ‘/proc/245/task/245/fdinfo’: Permission denied
find: ‘/proc/245/task/245/ns’: Permission denied
find: ‘/proc/245/fd’: Permission denied
find: ‘/proc/245/map_files’: Permission denied
find: ‘/proc/245/fdinfo’: Permission denied
find: ‘/proc/245/ns’: Permission denied
find: ‘/proc/273/task/273/fd’: Permission denied
find: ‘/proc/273/task/273/fdinfo’: Permission denied
find: ‘/proc/273/task/273/ns’: Permission denied
find: ‘/proc/273/fd’: Permission denied
find: ‘/proc/273/map_files’: Permission denied
find: ‘/proc/273/fdinfo’: Permission denied
find: ‘/proc/273/ns’: Permission denied
find: ‘/proc/284/task/284/fd’: Permission denied
find: ‘/proc/284/task/284/fdinfo’: Permission denied
find: ‘/proc/284/task/284/ns’: Permission denied
find: ‘/proc/284/fd’: Permission denied
find: ‘/proc/284/map_files’: Permission denied
find: ‘/proc/284/fdinfo’: Permission denied
find: ‘/proc/284/ns’: Permission denied
find: ‘/proc/290/task/290/fd’: Permission denied
find: ‘/proc/290/task/290/fdinfo’: Permission denied
find: ‘/proc/290/task/290/ns’: Permission denied
find: ‘/proc/290/fd’: Permission denied
find: ‘/proc/290/map_files’: Permission denied
find: ‘/proc/290/fdinfo’: Permission denied
find: ‘/proc/290/ns’: Permission denied
find: ‘/proc/297/task/297/fd’: Permission denied
find: ‘/proc/297/task/297/fdinfo’: Permission denied
find: ‘/proc/297/task/297/ns’: Permission denied
find: ‘/proc/297/fd’: Permission denied
find: ‘/proc/297/map_files’: Permission denied
find: ‘/proc/297/fdinfo’: Permission denied
find: ‘/proc/297/ns’: Permission denied
find: ‘/proc/298/task/298/fd’: Permission denied
find: ‘/proc/298/task/298/fdinfo’: Permission denied
find: ‘/proc/298/task/298/ns’: Permission denied
find: ‘/proc/298/fd’: Permission denied
find: ‘/proc/298/map_files’: Permission denied
find: ‘/proc/298/fdinfo’: Permission denied
find: ‘/proc/298/ns’: Permission denied
find: ‘/proc/306/task/306/fd’: Permission denied
find: ‘/proc/306/task/306/fdinfo’: Permission denied
find: ‘/proc/306/task/306/ns’: Permission denied
find: ‘/proc/306/fd’: Permission denied
find: ‘/proc/306/map_files’: Permission denied
find: ‘/proc/306/fdinfo’: Permission denied
find: ‘/proc/306/ns’: Permission denied
find: ‘/proc/309/task/309/fd’: Permission denied
find: ‘/proc/309/task/309/fdinfo’: Permission denied
find: ‘/proc/309/task/309/ns’: Permission denied
find: ‘/proc/309/fd’: Permission denied
find: ‘/proc/309/map_files’: Permission denied
find: ‘/proc/309/fdinfo’: Permission denied
find: ‘/proc/309/ns’: Permission denied
find: ‘/proc/313/task/313/fd’: Permission denied
find: ‘/proc/313/task/313/fdinfo’: Permission denied
find: ‘/proc/313/task/313/ns’: Permission denied
find: ‘/proc/313/fd’: Permission denied
find: ‘/proc/313/map_files’: Permission denied
find: ‘/proc/313/fdinfo’: Permission denied
find: ‘/proc/313/ns’: Permission denied
find: ‘/proc/314/task/314/fd’: Permission denied
find: ‘/proc/314/task/314/fdinfo’: Permission denied
find: ‘/proc/314/task/314/ns’: Permission denied
find: ‘/proc/314/fd’: Permission denied
find: ‘/proc/314/map_files’: Permission denied
find: ‘/proc/314/fdinfo’: Permission denied
find: ‘/proc/314/ns’: Permission denied
find: ‘/proc/315/task/315/fd’: Permission denied
find: ‘/proc/315/task/315/fdinfo’: Permission denied
find: ‘/proc/315/task/315/ns’: Permission denied
find: ‘/proc/315/fd’: Permission denied
find: ‘/proc/315/map_files’: Permission denied
find: ‘/proc/315/fdinfo’: Permission denied
find: ‘/proc/315/ns’: Permission denied
find: ‘/proc/316/task/316/fd’: Permission denied
find: ‘/proc/316/task/316/fdinfo’: Permission denied
find: ‘/proc/316/task/316/ns’: Permission denied
find: ‘/proc/316/fd’: Permission denied
find: ‘/proc/316/map_files’: Permission denied
find: ‘/proc/316/fdinfo’: Permission denied
find: ‘/proc/316/ns’: Permission denied
find: ‘/proc/318/task/318/fd’: Permission denied
find: ‘/proc/318/task/318/fdinfo’: Permission denied
find: ‘/proc/318/task/318/ns’: Permission denied
find: ‘/proc/318/fd’: Permission denied
find: ‘/proc/318/map_files’: Permission denied
find: ‘/proc/318/fdinfo’: Permission denied
find: ‘/proc/318/ns’: Permission denied
find: ‘/proc/320/task/320/fd’: Permission denied
find: ‘/proc/320/task/320/fdinfo’: Permission denied
find: ‘/proc/320/task/320/ns’: Permission denied
find: ‘/proc/320/fd’: Permission denied
find: ‘/proc/320/map_files’: Permission denied
find: ‘/proc/320/fdinfo’: Permission denied
find: ‘/proc/320/ns’: Permission denied
find: ‘/proc/322/task/322/fd’: Permission denied
find: ‘/proc/322/task/322/fdinfo’: Permission denied
find: ‘/proc/322/task/322/ns’: Permission denied
find: ‘/proc/322/fd’: Permission denied
find: ‘/proc/322/map_files’: Permission denied
find: ‘/proc/322/fdinfo’: Permission denied
find: ‘/proc/322/ns’: Permission denied
find: ‘/proc/327/task/327/fd’: Permission denied
find: ‘/proc/327/task/327/fdinfo’: Permission denied
find: ‘/proc/327/task/327/ns’: Permission denied
find: ‘/proc/327/fd’: Permission denied
find: ‘/proc/327/map_files’: Permission denied
find: ‘/proc/327/fdinfo’: Permission denied
find: ‘/proc/327/ns’: Permission denied
find: ‘/proc/329/task/329/fd’: Permission denied
find: ‘/proc/329/task/329/fdinfo’: Permission denied
find: ‘/proc/329/task/329/ns’: Permission denied
find: ‘/proc/329/fd’: Permission denied
find: ‘/proc/329/map_files’: Permission denied
find: ‘/proc/329/fdinfo’: Permission denied
find: ‘/proc/329/ns’: Permission denied
find: ‘/proc/332/task/332/fd’: Permission denied
find: ‘/proc/332/task/332/fdinfo’: Permission denied
find: ‘/proc/332/task/332/ns’: Permission denied
find: ‘/proc/332/fd’: Permission denied
find: ‘/proc/332/map_files’: Permission denied
find: ‘/proc/332/fdinfo’: Permission denied
find: ‘/proc/332/ns’: Permission denied
find: ‘/proc/344/task/344/fd’: Permission denied
find: ‘/proc/344/task/344/fdinfo’: Permission denied
find: ‘/proc/344/task/344/ns’: Permission denied
find: ‘/proc/344/fd’: Permission denied
find: ‘/proc/344/map_files’: Permission denied
find: ‘/proc/344/fdinfo’: Permission denied
find: ‘/proc/344/ns’: Permission denied
find: ‘/proc/345/task/345/fd’: Permission denied
find: ‘/proc/345/task/345/fdinfo’: Permission denied
find: ‘/proc/345/task/345/ns’: Permission denied
find: ‘/proc/345/fd’: Permission denied
find: ‘/proc/345/map_files’: Permission denied
find: ‘/proc/345/fdinfo’: Permission denied
find: ‘/proc/345/ns’: Permission denied
find: ‘/proc/346/task/346/fd’: Permission denied
find: ‘/proc/346/task/346/fdinfo’: Permission denied
find: ‘/proc/346/task/346/ns’: Permission denied
find: ‘/proc/346/fd’: Permission denied
find: ‘/proc/346/map_files’: Permission denied
find: ‘/proc/346/fdinfo’: Permission denied
find: ‘/proc/346/ns’: Permission denied
find: ‘/proc/347/task/347/fd’: Permission denied
find: ‘/proc/347/task/347/fdinfo’: Permission denied
find: ‘/proc/347/task/347/ns’: Permission denied
find: ‘/proc/347/fd’: Permission denied
find: ‘/proc/347/map_files’: Permission denied
find: ‘/proc/347/fdinfo’: Permission denied
find: ‘/proc/347/ns’: Permission denied
find: ‘/proc/355/task/355/fd’: Permission denied
find: ‘/proc/355/task/355/fdinfo’: Permission denied
find: ‘/proc/355/task/355/ns’: Permission denied
find: ‘/proc/355/fd’: Permission denied
find: ‘/proc/355/map_files’: Permission denied
find: ‘/proc/355/fdinfo’: Permission denied
find: ‘/proc/355/ns’: Permission denied
find: ‘/proc/356/task/356/fd’: Permission denied
find: ‘/proc/356/task/356/fdinfo’: Permission denied
find: ‘/proc/356/task/356/ns’: Permission denied
find: ‘/proc/356/fd’: Permission denied
find: ‘/proc/356/map_files’: Permission denied
find: ‘/proc/356/fdinfo’: Permission denied
find: ‘/proc/356/ns’: Permission denied
find: ‘/proc/357/task/357/fd’: Permission denied
find: ‘/proc/357/task/357/fdinfo’: Permission denied
find: ‘/proc/357/task/357/ns’: Permission denied
find: ‘/proc/357/fd’: Permission denied
find: ‘/proc/357/map_files’: Permission denied
find: ‘/proc/357/fdinfo’: Permission denied
find: ‘/proc/357/ns’: Permission denied
find: ‘/proc/358/task/358/fd’: Permission denied
find: ‘/proc/358/task/358/fdinfo’: Permission denied
find: ‘/proc/358/task/358/ns’: Permission denied
find: ‘/proc/358/fd’: Permission denied
find: ‘/proc/358/map_files’: Permission denied
find: ‘/proc/358/fdinfo’: Permission denied
find: ‘/proc/358/ns’: Permission denied
find: ‘/proc/359/task/359/fd’: Permission denied
find: ‘/proc/359/task/359/fdinfo’: Permission denied
find: ‘/proc/359/task/359/ns’: Permission denied
find: ‘/proc/359/fd’: Permission denied
find: ‘/proc/359/map_files’: Permission denied
find: ‘/proc/359/fdinfo’: Permission denied
find: ‘/proc/359/ns’: Permission denied
find: ‘/proc/360/task/360/fd’: Permission denied
find: ‘/proc/360/task/360/fdinfo’: Permission denied
find: ‘/proc/360/task/360/ns’: Permission denied
find: ‘/proc/360/fd’: Permission denied
find: ‘/proc/360/map_files’: Permission denied
find: ‘/proc/360/fdinfo’: Permission denied
find: ‘/proc/360/ns’: Permission denied
find: ‘/proc/361/task/361/fd’: Permission denied
find: ‘/proc/361/task/361/fdinfo’: Permission denied
find: ‘/proc/361/task/361/ns’: Permission denied
find: ‘/proc/361/fd’: Permission denied
find: ‘/proc/361/map_files’: Permission denied
find: ‘/proc/361/fdinfo’: Permission denied
find: ‘/proc/361/ns’: Permission denied
find: ‘/proc/362/task/362/fd’: Permission denied
find: ‘/proc/362/task/362/fdinfo’: Permission denied
find: ‘/proc/362/task/362/ns’: Permission denied
find: ‘/proc/362/fd’: Permission denied
find: ‘/proc/362/map_files’: Permission denied
find: ‘/proc/362/fdinfo’: Permission denied
find: ‘/proc/362/ns’: Permission denied
find: ‘/proc/363/task/363/fd’: Permission denied
find: ‘/proc/363/task/363/fdinfo’: Permission denied
find: ‘/proc/363/task/363/ns’: Permission denied
find: ‘/proc/363/fd’: Permission denied
find: ‘/proc/363/map_files’: Permission denied
find: ‘/proc/363/fdinfo’: Permission denied
find: ‘/proc/363/ns’: Permission denied
find: ‘/proc/364/task/364/fd’: Permission denied
find: ‘/proc/364/task/364/fdinfo’: Permission denied
find: ‘/proc/364/task/364/ns’: Permission denied
find: ‘/proc/364/fd’: Permission denied
find: ‘/proc/364/map_files’: Permission denied
find: ‘/proc/364/fdinfo’: Permission denied
find: ‘/proc/364/ns’: Permission denied
find: ‘/proc/365/task/365/fd’: Permission denied
find: ‘/proc/365/task/365/fdinfo’: Permission denied
find: ‘/proc/365/task/365/ns’: Permission denied
find: ‘/proc/365/fd’: Permission denied
find: ‘/proc/365/map_files’: Permission denied
find: ‘/proc/365/fdinfo’: Permission denied
find: ‘/proc/365/ns’: Permission denied
find: ‘/proc/464/task/464/fd’: Permission denied
find: ‘/proc/464/task/464/fdinfo’: Permission denied
find: ‘/proc/464/task/464/ns’: Permission denied
find: ‘/proc/464/fd’: Permission denied
find: ‘/proc/464/map_files’: Permission denied
find: ‘/proc/464/fdinfo’: Permission denied
find: ‘/proc/464/ns’: Permission denied
find: ‘/proc/488/task/488/fd’: Permission denied
find: ‘/proc/488/task/488/fdinfo’: Permission denied
find: ‘/proc/488/task/488/ns’: Permission denied
find: ‘/proc/488/fd’: Permission denied
find: ‘/proc/488/map_files’: Permission denied
find: ‘/proc/488/fdinfo’: Permission denied
find: ‘/proc/488/ns’: Permission denied
find: ‘/proc/526/task/526/fd’: Permission denied
find: ‘/proc/526/task/526/fdinfo’: Permission denied
find: ‘/proc/526/task/526/ns’: Permission denied
find: ‘/proc/526/fd’: Permission denied
find: ‘/proc/526/map_files’: Permission denied
find: ‘/proc/526/fdinfo’: Permission denied
find: ‘/proc/526/ns’: Permission denied
find: ‘/proc/1045/task/1045/fd’: Permission denied
find: ‘/proc/1045/task/1045/fdinfo’: Permission denied
find: ‘/proc/1045/task/1045/ns’: Permission denied
find: ‘/proc/1045/task/1048/fd’: Permission denied
find: ‘/proc/1045/task/1048/fdinfo’: Permission denied
find: ‘/proc/1045/task/1048/ns’: Permission denied
find: ‘/proc/1045/fd’: Permission denied
find: ‘/proc/1045/map_files’: Permission denied
find: ‘/proc/1045/fdinfo’: Permission denied
find: ‘/proc/1045/ns’: Permission denied
find: ‘/proc/1046/task/1046/fd’: Permission denied
find: ‘/proc/1046/task/1046/fdinfo’: Permission denied
find: ‘/proc/1046/task/1046/ns’: Permission denied
find: ‘/proc/1046/fd’: Permission denied
find: ‘/proc/1046/map_files’: Permission denied
find: ‘/proc/1046/fdinfo’: Permission denied
find: ‘/proc/1046/ns’: Permission denied
find: ‘/proc/1051/task/1051/fd’: Permission denied
find: ‘/proc/1051/task/1051/fdinfo’: Permission denied
find: ‘/proc/1051/task/1051/ns’: Permission denied
find: ‘/proc/1051/fd’: Permission denied
find: ‘/proc/1051/map_files’: Permission denied
find: ‘/proc/1051/fdinfo’: Permission denied
find: ‘/proc/1051/ns’: Permission denied
find: ‘/proc/1055/task/1055/fd’: Permission denied
find: ‘/proc/1055/task/1055/fdinfo’: Permission denied
find: ‘/proc/1055/task/1055/ns’: Permission denied
find: ‘/proc/1055/task/1146/fd’: Permission denied
find: ‘/proc/1055/task/1146/fdinfo’: Permission denied
find: ‘/proc/1055/task/1146/ns’: Permission denied
find: ‘/proc/1055/fd’: Permission denied
find: ‘/proc/1055/map_files’: Permission denied
find: ‘/proc/1055/fdinfo’: Permission denied
find: ‘/proc/1055/ns’: Permission denied
find: ‘/proc/1057/task/1057/fd’: Permission denied
find: ‘/proc/1057/task/1057/fdinfo’: Permission denied
find: ‘/proc/1057/task/1057/ns’: Permission denied
find: ‘/proc/1057/task/1080/fd’: Permission denied
find: ‘/proc/1057/task/1080/fdinfo’: Permission denied
find: ‘/proc/1057/task/1080/ns’: Permission denied
find: ‘/proc/1057/task/1090/fd’: Permission denied
find: ‘/proc/1057/task/1090/fdinfo’: Permission denied
find: ‘/proc/1057/task/1090/ns’: Permission denied
find: ‘/proc/1057/fd’: Permission denied
find: ‘/proc/1057/map_files’: Permission denied
find: ‘/proc/1057/fdinfo’: Permission denied
find: ‘/proc/1057/ns’: Permission denied
find: ‘/proc/1058/task/1058/fd’: Permission denied
find: ‘/proc/1058/task/1058/fdinfo’: Permission denied
find: ‘/proc/1058/task/1058/ns’: Permission denied
find: ‘/proc/1058/task/1177/fd’: Permission denied
find: ‘/proc/1058/task/1177/fdinfo’: Permission denied
find: ‘/proc/1058/task/1177/ns’: Permission denied
find: ‘/proc/1058/task/1178/fd’: Permission denied
find: ‘/proc/1058/task/1178/fdinfo’: Permission denied
find: ‘/proc/1058/task/1178/ns’: Permission denied
find: ‘/proc/1058/task/1179/fd’: Permission denied
find: ‘/proc/1058/task/1179/fdinfo’: Permission denied
find: ‘/proc/1058/task/1179/ns’: Permission denied
find: ‘/proc/1058/task/1180/fd’: Permission denied
find: ‘/proc/1058/task/1180/fdinfo’: Permission denied
find: ‘/proc/1058/task/1180/ns’: Permission denied
find: ‘/proc/1058/task/1183/fd’: Permission denied
find: ‘/proc/1058/task/1183/fdinfo’: Permission denied
find: ‘/proc/1058/task/1183/ns’: Permission denied
find: ‘/proc/1058/task/1198/fd’: Permission denied
find: ‘/proc/1058/task/1198/fdinfo’: Permission denied
find: ‘/proc/1058/task/1198/ns’: Permission denied
find: ‘/proc/1058/task/1202/fd’: Permission denied
find: ‘/proc/1058/task/1202/fdinfo’: Permission denied
find: ‘/proc/1058/task/1202/ns’: Permission denied
find: ‘/proc/1058/task/1219/fd’: Permission denied
find: ‘/proc/1058/task/1219/fdinfo’: Permission denied
find: ‘/proc/1058/task/1219/ns’: Permission denied
find: ‘/proc/1058/task/1880/fd’: Permission denied
find: ‘/proc/1058/task/1880/fdinfo’: Permission denied
find: ‘/proc/1058/task/1880/ns’: Permission denied
find: ‘/proc/1058/task/1881/fd’: Permission denied
find: ‘/proc/1058/task/1881/fdinfo’: Permission denied
find: ‘/proc/1058/task/1881/ns’: Permission denied
find: ‘/proc/1058/fd’: Permission denied
find: ‘/proc/1058/map_files’: Permission denied
find: ‘/proc/1058/fdinfo’: Permission denied
find: ‘/proc/1058/ns’: Permission denied
find: ‘/proc/1060/task/1060/fd’: Permission denied
find: ‘/proc/1060/task/1060/fdinfo’: Permission denied
find: ‘/proc/1060/task/1060/ns’: Permission denied
find: ‘/proc/1060/task/1156/fd’: Permission denied
find: ‘/proc/1060/task/1156/fdinfo’: Permission denied
find: ‘/proc/1060/task/1156/ns’: Permission denied
find: ‘/proc/1060/fd’: Permission denied
find: ‘/proc/1060/map_files’: Permission denied
find: ‘/proc/1060/fdinfo’: Permission denied
find: ‘/proc/1060/ns’: Permission denied
find: ‘/proc/1062/task/1062/fd’: Permission denied
find: ‘/proc/1062/task/1062/fdinfo’: Permission denied
find: ‘/proc/1062/task/1062/ns’: Permission denied
find: ‘/proc/1062/fd’: Permission denied
find: ‘/proc/1062/map_files’: Permission denied
find: ‘/proc/1062/fdinfo’: Permission denied
find: ‘/proc/1062/ns’: Permission denied
find: ‘/proc/1091/task/1091/fd’: Permission denied
find: ‘/proc/1091/task/1091/fdinfo’: Permission denied
find: ‘/proc/1091/task/1091/ns’: Permission denied
find: ‘/proc/1091/fd’: Permission denied
find: ‘/proc/1091/map_files’: Permission denied
find: ‘/proc/1091/fdinfo’: Permission denied
find: ‘/proc/1091/ns’: Permission denied
find: ‘/proc/1092/task/1092/fd’: Permission denied
find: ‘/proc/1092/task/1092/fdinfo’: Permission denied
find: ‘/proc/1092/task/1092/ns’: Permission denied
find: ‘/proc/1092/fd’: Permission denied
find: ‘/proc/1092/map_files’: Permission denied
find: ‘/proc/1092/fdinfo’: Permission denied
find: ‘/proc/1092/ns’: Permission denied
find: ‘/proc/1094/task/1094/fd’: Permission denied
find: ‘/proc/1094/task/1094/fdinfo’: Permission denied
find: ‘/proc/1094/task/1094/ns’: Permission denied
find: ‘/proc/1094/fd’: Permission denied
find: ‘/proc/1094/map_files’: Permission denied
find: ‘/proc/1094/fdinfo’: Permission denied
find: ‘/proc/1094/ns’: Permission denied
find: ‘/proc/1095/task/1095/fd’: Permission denied
find: ‘/proc/1095/task/1095/fdinfo’: Permission denied
find: ‘/proc/1095/task/1095/ns’: Permission denied
find: ‘/proc/1095/task/1162/fd’: Permission denied
find: ‘/proc/1095/task/1162/fdinfo’: Permission denied
find: ‘/proc/1095/task/1162/ns’: Permission denied
find: ‘/proc/1095/task/1164/fd’: Permission denied
find: ‘/proc/1095/task/1164/fdinfo’: Permission denied
find: ‘/proc/1095/task/1164/ns’: Permission denied
find: ‘/proc/1095/fd’: Permission denied
find: ‘/proc/1095/map_files’: Permission denied
find: ‘/proc/1095/fdinfo’: Permission denied
find: ‘/proc/1095/ns’: Permission denied
find: ‘/proc/1096/task/1096/fd’: Permission denied
find: ‘/proc/1096/task/1096/fdinfo’: Permission denied
find: ‘/proc/1096/task/1096/ns’: Permission denied
find: ‘/proc/1096/task/1135/fd’: Permission denied
find: ‘/proc/1096/task/1135/fdinfo’: Permission denied
find: ‘/proc/1096/task/1135/ns’: Permission denied
find: ‘/proc/1096/task/1138/fd’: Permission denied
find: ‘/proc/1096/task/1138/fdinfo’: Permission denied
find: ‘/proc/1096/task/1138/ns’: Permission denied
find: ‘/proc/1096/fd’: Permission denied
find: ‘/proc/1096/map_files’: Permission denied
find: ‘/proc/1096/fdinfo’: Permission denied
find: ‘/proc/1096/ns’: Permission denied
find: ‘/proc/1097/task/1097/fd’: Permission denied
find: ‘/proc/1097/task/1097/fdinfo’: Permission denied
find: ‘/proc/1097/task/1097/ns’: Permission denied
find: ‘/proc/1097/task/1132/fd’: Permission denied
find: ‘/proc/1097/task/1132/fdinfo’: Permission denied
find: ‘/proc/1097/task/1132/ns’: Permission denied
find: ‘/proc/1097/task/1133/fd’: Permission denied
find: ‘/proc/1097/task/1133/fdinfo’: Permission denied
find: ‘/proc/1097/task/1133/ns’: Permission denied
find: ‘/proc/1097/task/1134/fd’: Permission denied
find: ‘/proc/1097/task/1134/fdinfo’: Permission denied
find: ‘/proc/1097/task/1134/ns’: Permission denied
find: ‘/proc/1097/fd’: Permission denied
find: ‘/proc/1097/map_files’: Permission denied
find: ‘/proc/1097/fdinfo’: Permission denied
find: ‘/proc/1097/ns’: Permission denied
find: ‘/proc/1098/task/1098/fd’: Permission denied
find: ‘/proc/1098/task/1098/fdinfo’: Permission denied
find: ‘/proc/1098/task/1098/ns’: Permission denied
find: ‘/proc/1098/fd’: Permission denied
find: ‘/proc/1098/map_files’: Permission denied
find: ‘/proc/1098/fdinfo’: Permission denied
find: ‘/proc/1098/ns’: Permission denied
find: ‘/proc/1099/task/1099/fd’: Permission denied
find: ‘/proc/1099/task/1099/fdinfo’: Permission denied
find: ‘/proc/1099/task/1099/ns’: Permission denied
find: ‘/proc/1099/task/1131/fd’: Permission denied
find: ‘/proc/1099/task/1131/fdinfo’: Permission denied
find: ‘/proc/1099/task/1131/ns’: Permission denied
find: ‘/proc/1099/fd’: Permission denied
find: ‘/proc/1099/map_files’: Permission denied
find: ‘/proc/1099/fdinfo’: Permission denied
find: ‘/proc/1099/ns’: Permission denied
find: ‘/proc/1101/task/1101/fd’: Permission denied
find: ‘/proc/1101/task/1101/fdinfo’: Permission denied
find: ‘/proc/1101/task/1101/ns’: Permission denied
find: ‘/proc/1101/task/1150/fd’: Permission denied
find: ‘/proc/1101/task/1150/fdinfo’: Permission denied
find: ‘/proc/1101/task/1150/ns’: Permission denied
find: ‘/proc/1101/task/1152/fd’: Permission denied
find: ‘/proc/1101/task/1152/fdinfo’: Permission denied
find: ‘/proc/1101/task/1152/ns’: Permission denied
find: ‘/proc/1101/task/1153/fd’: Permission denied
find: ‘/proc/1101/task/1153/fdinfo’: Permission denied
find: ‘/proc/1101/task/1153/ns’: Permission denied
find: ‘/proc/1101/task/1161/fd’: Permission denied
find: ‘/proc/1101/task/1161/fdinfo’: Permission denied
find: ‘/proc/1101/task/1161/ns’: Permission denied
find: ‘/proc/1101/fd’: Permission denied
find: ‘/proc/1101/map_files’: Permission denied
find: ‘/proc/1101/fdinfo’: Permission denied
find: ‘/proc/1101/ns’: Permission denied
find: ‘/proc/1139/task/1139/fd’: Permission denied
find: ‘/proc/1139/task/1139/fdinfo’: Permission denied
find: ‘/proc/1139/task/1139/ns’: Permission denied
find: ‘/proc/1139/task/1147/fd’: Permission denied
find: ‘/proc/1139/task/1147/fdinfo’: Permission denied
find: ‘/proc/1139/task/1147/ns’: Permission denied
find: ‘/proc/1139/task/1149/fd’: Permission denied
find: ‘/proc/1139/task/1149/fdinfo’: Permission denied
find: ‘/proc/1139/task/1149/ns’: Permission denied
find: ‘/proc/1139/fd’: Permission denied
find: ‘/proc/1139/map_files’: Permission denied
find: ‘/proc/1139/fdinfo’: Permission denied
find: ‘/proc/1139/ns’: Permission denied
find: ‘/proc/1140/task/1140/fd’: Permission denied
find: ‘/proc/1140/task/1140/fdinfo’: Permission denied
find: ‘/proc/1140/task/1140/ns’: Permission denied
find: ‘/proc/1140/fd’: Permission denied
find: ‘/proc/1140/map_files’: Permission denied
find: ‘/proc/1140/fdinfo’: Permission denied
find: ‘/proc/1140/ns’: Permission denied
find: ‘/proc/1243/task/1243/fd’: Permission denied
find: ‘/proc/1243/task/1243/fdinfo’: Permission denied
find: ‘/proc/1243/task/1243/ns’: Permission denied
find: ‘/proc/1243/task/1270/fd’: Permission denied
find: ‘/proc/1243/task/1270/fdinfo’: Permission denied
find: ‘/proc/1243/task/1270/ns’: Permission denied
find: ‘/proc/1243/task/1271/fd’: Permission denied
find: ‘/proc/1243/task/1271/fdinfo’: Permission denied
find: ‘/proc/1243/task/1271/ns’: Permission denied
find: ‘/proc/1243/fd’: Permission denied
find: ‘/proc/1243/map_files’: Permission denied
find: ‘/proc/1243/fdinfo’: Permission denied
find: ‘/proc/1243/ns’: Permission denied
find: ‘/proc/1247/task/1247/fd’: Permission denied
find: ‘/proc/1247/task/1247/fdinfo’: Permission denied
find: ‘/proc/1247/task/1247/ns’: Permission denied
find: ‘/proc/1247/fd’: Permission denied
find: ‘/proc/1247/map_files’: Permission denied
find: ‘/proc/1247/fdinfo’: Permission denied
find: ‘/proc/1247/ns’: Permission denied
find: ‘/proc/1254/task/1254/fd’: Permission denied
find: ‘/proc/1254/task/1254/fdinfo’: Permission denied
find: ‘/proc/1254/task/1254/ns’: Permission denied
find: ‘/proc/1254/fd’: Permission denied
find: ‘/proc/1254/map_files’: Permission denied
find: ‘/proc/1254/fdinfo’: Permission denied
find: ‘/proc/1254/ns’: Permission denied
find: ‘/proc/1351/task/1351/fd’: Permission denied
find: ‘/proc/1351/task/1351/fdinfo’: Permission denied
find: ‘/proc/1351/task/1351/ns’: Permission denied
find: ‘/proc/1351/fd’: Permission denied
find: ‘/proc/1351/map_files’: Permission denied
find: ‘/proc/1351/fdinfo’: Permission denied
find: ‘/proc/1351/ns’: Permission denied
find: ‘/proc/1360/task/1360/fd’: Permission denied
find: ‘/proc/1360/task/1360/fdinfo’: Permission denied
find: ‘/proc/1360/task/1360/ns’: Permission denied
find: ‘/proc/1360/fd’: Permission denied
find: ‘/proc/1360/map_files’: Permission denied
find: ‘/proc/1360/fdinfo’: Permission denied
find: ‘/proc/1360/ns’: Permission denied
find: ‘/proc/1364/task/1364/fd’: Permission denied
find: ‘/proc/1364/task/1364/fdinfo’: Permission denied
find: ‘/proc/1364/task/1364/ns’: Permission denied
find: ‘/proc/1364/fd’: Permission denied
find: ‘/proc/1364/map_files’: Permission denied
find: ‘/proc/1364/fdinfo’: Permission denied
find: ‘/proc/1364/ns’: Permission denied
find: ‘/proc/1365/task/1365/fd’: Permission denied
find: ‘/proc/1365/task/1365/fdinfo’: Permission denied
find: ‘/proc/1365/task/1365/ns’: Permission denied
find: ‘/proc/1365/fd’: Permission denied
find: ‘/proc/1365/map_files’: Permission denied
find: ‘/proc/1365/fdinfo’: Permission denied
find: ‘/proc/1365/ns’: Permission denied
find: ‘/proc/1366/task/1366/fd’: Permission denied
find: ‘/proc/1366/task/1366/fdinfo’: Permission denied
find: ‘/proc/1366/task/1366/ns’: Permission denied
find: ‘/proc/1366/fd’: Permission denied
find: ‘/proc/1366/map_files’: Permission denied
find: ‘/proc/1366/fdinfo’: Permission denied
find: ‘/proc/1366/ns’: Permission denied
find: ‘/proc/1367/task/1367/fd’: Permission denied
find: ‘/proc/1367/task/1367/fdinfo’: Permission denied
find: ‘/proc/1367/task/1367/ns’: Permission denied
find: ‘/proc/1367/fd’: Permission denied
find: ‘/proc/1367/map_files’: Permission denied
find: ‘/proc/1367/fdinfo’: Permission denied
find: ‘/proc/1367/ns’: Permission denied
find: ‘/proc/1368/task/1368/fd’: Permission denied
find: ‘/proc/1368/task/1368/fdinfo’: Permission denied
find: ‘/proc/1368/task/1368/ns’: Permission denied
find: ‘/proc/1368/fd’: Permission denied
find: ‘/proc/1368/map_files’: Permission denied
find: ‘/proc/1368/fdinfo’: Permission denied
find: ‘/proc/1368/ns’: Permission denied
find: ‘/proc/1377/task/1377/fd’: Permission denied
find: ‘/proc/1377/task/1377/fdinfo’: Permission denied
find: ‘/proc/1377/task/1377/ns’: Permission denied
find: ‘/proc/1377/fd’: Permission denied
find: ‘/proc/1377/map_files’: Permission denied
find: ‘/proc/1377/fdinfo’: Permission denied
find: ‘/proc/1377/ns’: Permission denied
find: ‘/proc/1477/task/1477/fd’: Permission denied
find: ‘/proc/1477/task/1477/fdinfo’: Permission denied
find: ‘/proc/1477/task/1477/ns’: Permission denied
find: ‘/proc/1477/fd’: Permission denied
find: ‘/proc/1477/map_files’: Permission denied
find: ‘/proc/1477/fdinfo’: Permission denied
find: ‘/proc/1477/ns’: Permission denied
find: ‘/proc/1519/task/1519/fd’: Permission denied
find: ‘/proc/1519/task/1519/fdinfo’: Permission denied
find: ‘/proc/1519/task/1519/ns’: Permission denied
find: ‘/proc/1519/task/1531/fd’: Permission denied
find: ‘/proc/1519/task/1531/fdinfo’: Permission denied
find: ‘/proc/1519/task/1531/ns’: Permission denied
find: ‘/proc/1519/task/1532/fd’: Permission denied
find: ‘/proc/1519/task/1532/fdinfo’: Permission denied
find: ‘/proc/1519/task/1532/ns’: Permission denied
find: ‘/proc/1519/fd’: Permission denied
find: ‘/proc/1519/map_files’: Permission denied
find: ‘/proc/1519/fdinfo’: Permission denied
find: ‘/proc/1519/ns’: Permission denied
find: ‘/proc/1529/task/1529/fd’: Permission denied
find: ‘/proc/1529/task/1529/fdinfo’: Permission denied
find: ‘/proc/1529/task/1529/ns’: Permission denied
find: ‘/proc/1529/task/1581/fd’: Permission denied
find: ‘/proc/1529/task/1581/fdinfo’: Permission denied
find: ‘/proc/1529/task/1581/ns’: Permission denied
find: ‘/proc/1529/task/1597/fd’: Permission denied
find: ‘/proc/1529/task/1597/fdinfo’: Permission denied
find: ‘/proc/1529/task/1597/ns’: Permission denied
find: ‘/proc/1529/task/1598/fd’: Permission denied
find: ‘/proc/1529/task/1598/fdinfo’: Permission denied
find: ‘/proc/1529/task/1598/ns’: Permission denied
find: ‘/proc/1529/task/1599/fd’: Permission denied
find: ‘/proc/1529/task/1599/fdinfo’: Permission denied
find: ‘/proc/1529/task/1599/ns’: Permission denied
find: ‘/proc/1529/task/1600/fd’: Permission denied
find: ‘/proc/1529/task/1600/fdinfo’: Permission denied
find: ‘/proc/1529/task/1600/ns’: Permission denied
find: ‘/proc/1529/task/1601/fd’: Permission denied
find: ‘/proc/1529/task/1601/fdinfo’: Permission denied
find: ‘/proc/1529/task/1601/ns’: Permission denied
find: ‘/proc/1529/task/1602/fd’: Permission denied
find: ‘/proc/1529/task/1602/fdinfo’: Permission denied
find: ‘/proc/1529/task/1602/ns’: Permission denied
find: ‘/proc/1529/task/1603/fd’: Permission denied
find: ‘/proc/1529/task/1603/fdinfo’: Permission denied
find: ‘/proc/1529/task/1603/ns’: Permission denied
find: ‘/proc/1529/task/1604/fd’: Permission denied
find: ‘/proc/1529/task/1604/fdinfo’: Permission denied
find: ‘/proc/1529/task/1604/ns’: Permission denied
find: ‘/proc/1529/task/1605/fd’: Permission denied
find: ‘/proc/1529/task/1605/fdinfo’: Permission denied
find: ‘/proc/1529/task/1605/ns’: Permission denied
find: ‘/proc/1529/task/1606/fd’: Permission denied
find: ‘/proc/1529/task/1606/fdinfo’: Permission denied
find: ‘/proc/1529/task/1606/ns’: Permission denied
find: ‘/proc/1529/task/1611/fd’: Permission denied
find: ‘/proc/1529/task/1611/fdinfo’: Permission denied
find: ‘/proc/1529/task/1611/ns’: Permission denied
find: ‘/proc/1529/task/1658/fd’: Permission denied
find: ‘/proc/1529/task/1658/fdinfo’: Permission denied
find: ‘/proc/1529/task/1658/ns’: Permission denied
find: ‘/proc/1529/task/1659/fd’: Permission denied
find: ‘/proc/1529/task/1659/fdinfo’: Permission denied
find: ‘/proc/1529/task/1659/ns’: Permission denied
find: ‘/proc/1529/task/1660/fd’: Permission denied
find: ‘/proc/1529/task/1660/fdinfo’: Permission denied
find: ‘/proc/1529/task/1660/ns’: Permission denied
find: ‘/proc/1529/task/1661/fd’: Permission denied
find: ‘/proc/1529/task/1661/fdinfo’: Permission denied
find: ‘/proc/1529/task/1661/ns’: Permission denied
find: ‘/proc/1529/task/1662/fd’: Permission denied
find: ‘/proc/1529/task/1662/fdinfo’: Permission denied
find: ‘/proc/1529/task/1662/ns’: Permission denied
find: ‘/proc/1529/task/1663/fd’: Permission denied
find: ‘/proc/1529/task/1663/fdinfo’: Permission denied
find: ‘/proc/1529/task/1663/ns’: Permission denied
find: ‘/proc/1529/task/1666/fd’: Permission denied
find: ‘/proc/1529/task/1666/fdinfo’: Permission denied
find: ‘/proc/1529/task/1666/ns’: Permission denied
find: ‘/proc/1529/task/1667/fd’: Permission denied
find: ‘/proc/1529/task/1667/fdinfo’: Permission denied
find: ‘/proc/1529/task/1667/ns’: Permission denied
find: ‘/proc/1529/task/1671/fd’: Permission denied
find: ‘/proc/1529/task/1671/fdinfo’: Permission denied
find: ‘/proc/1529/task/1671/ns’: Permission denied
find: ‘/proc/1529/task/1672/fd’: Permission denied
find: ‘/proc/1529/task/1672/fdinfo’: Permission denied
find: ‘/proc/1529/task/1672/ns’: Permission denied
find: ‘/proc/1529/task/1673/fd’: Permission denied
find: ‘/proc/1529/task/1673/fdinfo’: Permission denied
find: ‘/proc/1529/task/1673/ns’: Permission denied
find: ‘/proc/1529/task/1674/fd’: Permission denied
find: ‘/proc/1529/task/1674/fdinfo’: Permission denied
find: ‘/proc/1529/task/1674/ns’: Permission denied
find: ‘/proc/1529/task/1675/fd’: Permission denied
find: ‘/proc/1529/task/1675/fdinfo’: Permission denied
find: ‘/proc/1529/task/1675/ns’: Permission denied
find: ‘/proc/1529/fd’: Permission denied
find: ‘/proc/1529/map_files’: Permission denied
find: ‘/proc/1529/fdinfo’: Permission denied
find: ‘/proc/1529/ns’: Permission denied
find: ‘/proc/1545/task/1545/fd’: Permission denied
find: ‘/proc/1545/task/1545/fdinfo’: Permission denied
find: ‘/proc/1545/task/1545/ns’: Permission denied
find: ‘/proc/1545/task/1547/fd’: Permission denied
find: ‘/proc/1545/task/1547/fdinfo’: Permission denied
find: ‘/proc/1545/task/1547/ns’: Permission denied
find: ‘/proc/1545/task/1548/fd’: Permission denied
find: ‘/proc/1545/task/1548/fdinfo’: Permission denied
find: ‘/proc/1545/task/1548/ns’: Permission denied
find: ‘/proc/1545/fd’: Permission denied
find: ‘/proc/1545/map_files’: Permission denied
find: ‘/proc/1545/fdinfo’: Permission denied
find: ‘/proc/1545/ns’: Permission denied
find: ‘/proc/1595/task/1595/fd’: Permission denied
find: ‘/proc/1595/task/1595/fdinfo’: Permission denied
find: ‘/proc/1595/task/1595/ns’: Permission denied
find: ‘/proc/1595/fd’: Permission denied
find: ‘/proc/1595/map_files’: Permission denied
find: ‘/proc/1595/fdinfo’: Permission denied
find: ‘/proc/1595/ns’: Permission denied
find: ‘/proc/1596/task/1596/fd’: Permission denied
find: ‘/proc/1596/task/1596/fdinfo’: Permission denied
find: ‘/proc/1596/task/1596/ns’: Permission denied
find: ‘/proc/1596/fd’: Permission denied
find: ‘/proc/1596/map_files’: Permission denied
find: ‘/proc/1596/fdinfo’: Permission denied
find: ‘/proc/1596/ns’: Permission denied
find: ‘/proc/1654/task/1654/fd’: Permission denied
find: ‘/proc/1654/task/1654/fdinfo’: Permission denied
find: ‘/proc/1654/task/1654/ns’: Permission denied
find: ‘/proc/1654/task/1655/fd’: Permission denied
find: ‘/proc/1654/task/1655/fdinfo’: Permission denied
find: ‘/proc/1654/task/1655/ns’: Permission denied
find: ‘/proc/1654/task/1664/fd’: Permission denied
find: ‘/proc/1654/task/1664/fdinfo’: Permission denied
find: ‘/proc/1654/task/1664/ns’: Permission denied
find: ‘/proc/1654/fd’: Permission denied
find: ‘/proc/1654/map_files’: Permission denied
find: ‘/proc/1654/fdinfo’: Permission denied
find: ‘/proc/1654/ns’: Permission denied
find: ‘/proc/1656/task/1656/fd’: Permission denied
find: ‘/proc/1656/task/1656/fdinfo’: Permission denied
find: ‘/proc/1656/task/1656/ns’: Permission denied
find: ‘/proc/1656/fd’: Permission denied
find: ‘/proc/1656/map_files’: Permission denied
find: ‘/proc/1656/fdinfo’: Permission denied
find: ‘/proc/1656/ns’: Permission denied
find: ‘/proc/1665/task/1665/fd’: Permission denied
find: ‘/proc/1665/task/1665/fdinfo’: Permission denied
find: ‘/proc/1665/task/1665/ns’: Permission denied
find: ‘/proc/1665/task/1676/fd’: Permission denied
find: ‘/proc/1665/task/1676/fdinfo’: Permission denied
find: ‘/proc/1665/task/1676/ns’: Permission denied
find: ‘/proc/1665/task/1677/fd’: Permission denied
find: ‘/proc/1665/task/1677/fdinfo’: Permission denied
find: ‘/proc/1665/task/1677/ns’: Permission denied
find: ‘/proc/1665/task/1681/fd’: Permission denied
find: ‘/proc/1665/task/1681/fdinfo’: Permission denied
find: ‘/proc/1665/task/1681/ns’: Permission denied
find: ‘/proc/1665/fd’: Permission denied
find: ‘/proc/1665/map_files’: Permission denied
find: ‘/proc/1665/fdinfo’: Permission denied
find: ‘/proc/1665/ns’: Permission denied
find: ‘/proc/1684/task/1684/fd’: Permission denied
find: ‘/proc/1684/task/1684/fdinfo’: Permission denied
find: ‘/proc/1684/task/1684/ns’: Permission denied
find: ‘/proc/1684/task/1688/fd’: Permission denied
find: ‘/proc/1684/task/1688/fdinfo’: Permission denied
find: ‘/proc/1684/task/1688/ns’: Permission denied
find: ‘/proc/1684/task/1689/fd’: Permission denied
find: ‘/proc/1684/task/1689/fdinfo’: Permission denied
find: ‘/proc/1684/task/1689/ns’: Permission denied
find: ‘/proc/1684/task/1712/fd’: Permission denied
find: ‘/proc/1684/task/1712/fdinfo’: Permission denied
find: ‘/proc/1684/task/1712/ns’: Permission denied
find: ‘/proc/1684/task/1730/fd’: Permission denied
find: ‘/proc/1684/task/1730/fdinfo’: Permission denied
find: ‘/proc/1684/task/1730/ns’: Permission denied
find: ‘/proc/1684/task/1737/fd’: Permission denied
find: ‘/proc/1684/task/1737/fdinfo’: Permission denied
find: ‘/proc/1684/task/1737/ns’: Permission denied
find: ‘/proc/1684/task/1738/fd’: Permission denied
find: ‘/proc/1684/task/1738/fdinfo’: Permission denied
find: ‘/proc/1684/task/1738/ns’: Permission denied
find: ‘/proc/1684/task/1739/fd’: Permission denied
find: ‘/proc/1684/task/1739/fdinfo’: Permission denied
find: ‘/proc/1684/task/1739/ns’: Permission denied
find: ‘/proc/1684/task/1740/fd’: Permission denied
find: ‘/proc/1684/task/1740/fdinfo’: Permission denied
find: ‘/proc/1684/task/1740/ns’: Permission denied
find: ‘/proc/1684/task/1741/fd’: Permission denied
find: ‘/proc/1684/task/1741/fdinfo’: Permission denied
find: ‘/proc/1684/task/1741/ns’: Permission denied
find: ‘/proc/1684/task/1742/fd’: Permission denied
find: ‘/proc/1684/task/1742/fdinfo’: Permission denied
find: ‘/proc/1684/task/1742/ns’: Permission denied
find: ‘/proc/1684/task/1743/fd’: Permission denied
find: ‘/proc/1684/task/1743/fdinfo’: Permission denied
find: ‘/proc/1684/task/1743/ns’: Permission denied
find: ‘/proc/1684/task/1744/fd’: Permission denied
find: ‘/proc/1684/task/1744/fdinfo’: Permission denied
find: ‘/proc/1684/task/1744/ns’: Permission denied
find: ‘/proc/1684/fd’: Permission denied
find: ‘/proc/1684/map_files’: Permission denied
find: ‘/proc/1684/fdinfo’: Permission denied
find: ‘/proc/1684/ns’: Permission denied
find: ‘/proc/1690/task/1690/fd’: Permission denied
find: ‘/proc/1690/task/1690/fdinfo’: Permission denied
find: ‘/proc/1690/task/1690/ns’: Permission denied
find: ‘/proc/1690/task/1691/fd’: Permission denied
find: ‘/proc/1690/task/1691/fdinfo’: Permission denied
find: ‘/proc/1690/task/1691/ns’: Permission denied
find: ‘/proc/1690/task/1692/fd’: Permission denied
find: ‘/proc/1690/task/1692/fdinfo’: Permission denied
find: ‘/proc/1690/task/1692/ns’: Permission denied
find: ‘/proc/1690/fd’: Permission denied
find: ‘/proc/1690/map_files’: Permission denied
find: ‘/proc/1690/fdinfo’: Permission denied
find: ‘/proc/1690/ns’: Permission denied
find: ‘/proc/1713/task/1713/fd’: Permission denied
find: ‘/proc/1713/task/1713/fdinfo’: Permission denied
find: ‘/proc/1713/task/1713/ns’: Permission denied
find: ‘/proc/1713/task/1714/fd’: Permission denied
find: ‘/proc/1713/task/1714/fdinfo’: Permission denied
find: ‘/proc/1713/task/1714/ns’: Permission denied
find: ‘/proc/1713/task/1715/fd’: Permission denied
find: ‘/proc/1713/task/1715/fdinfo’: Permission denied
find: ‘/proc/1713/task/1715/ns’: Permission denied
find: ‘/proc/1713/task/1716/fd’: Permission denied
find: ‘/proc/1713/task/1716/fdinfo’: Permission denied
find: ‘/proc/1713/task/1716/ns’: Permission denied
find: ‘/proc/1713/task/1717/fd’: Permission denied
find: ‘/proc/1713/task/1717/fdinfo’: Permission denied
find: ‘/proc/1713/task/1717/ns’: Permission denied
find: ‘/proc/1713/fd’: Permission denied
find: ‘/proc/1713/map_files’: Permission denied
find: ‘/proc/1713/fdinfo’: Permission denied
find: ‘/proc/1713/ns’: Permission denied
find: ‘/proc/1720/task/1720/fd’: Permission denied
find: ‘/proc/1720/task/1720/fdinfo’: Permission denied
find: ‘/proc/1720/task/1720/ns’: Permission denied
find: ‘/proc/1720/task/1721/fd’: Permission denied
find: ‘/proc/1720/task/1721/fdinfo’: Permission denied
find: ‘/proc/1720/task/1721/ns’: Permission denied
find: ‘/proc/1720/task/1722/fd’: Permission denied
find: ‘/proc/1720/task/1722/fdinfo’: Permission denied
find: ‘/proc/1720/task/1722/ns’: Permission denied
find: ‘/proc/1720/task/1724/fd’: Permission denied
find: ‘/proc/1720/task/1724/fdinfo’: Permission denied
find: ‘/proc/1720/task/1724/ns’: Permission denied
find: ‘/proc/1720/fd’: Permission denied
find: ‘/proc/1720/map_files’: Permission denied
find: ‘/proc/1720/fdinfo’: Permission denied
find: ‘/proc/1720/ns’: Permission denied
find: ‘/proc/1725/task/1725/fd’: Permission denied
find: ‘/proc/1725/task/1725/fdinfo’: Permission denied
find: ‘/proc/1725/task/1725/ns’: Permission denied
find: ‘/proc/1725/fd’: Permission denied
find: ‘/proc/1725/map_files’: Permission denied
find: ‘/proc/1725/fdinfo’: Permission denied
find: ‘/proc/1725/ns’: Permission denied
find: ‘/proc/1727/task/1727/fd’: Permission denied
find: ‘/proc/1727/task/1727/fdinfo’: Permission denied
find: ‘/proc/1727/task/1727/ns’: Permission denied
find: ‘/proc/1727/task/1728/fd’: Permission denied
find: ‘/proc/1727/task/1728/fdinfo’: Permission denied
find: ‘/proc/1727/task/1728/ns’: Permission denied
find: ‘/proc/1727/task/1729/fd’: Permission denied
find: ‘/proc/1727/task/1729/fdinfo’: Permission denied
find: ‘/proc/1727/task/1729/ns’: Permission denied
find: ‘/proc/1727/fd’: Permission denied
find: ‘/proc/1727/map_files’: Permission denied
find: ‘/proc/1727/fdinfo’: Permission denied
find: ‘/proc/1727/ns’: Permission denied
find: ‘/proc/1731/task/1731/fd’: Permission denied
find: ‘/proc/1731/task/1731/fdinfo’: Permission denied
find: ‘/proc/1731/task/1731/ns’: Permission denied
find: ‘/proc/1731/task/1735/fd’: Permission denied
find: ‘/proc/1731/task/1735/fdinfo’: Permission denied
find: ‘/proc/1731/task/1735/ns’: Permission denied
find: ‘/proc/1731/task/1736/fd’: Permission denied
find: ‘/proc/1731/task/1736/fdinfo’: Permission denied
find: ‘/proc/1731/task/1736/ns’: Permission denied
find: ‘/proc/1731/fd’: Permission denied
find: ‘/proc/1731/map_files’: Permission denied
find: ‘/proc/1731/fdinfo’: Permission denied
find: ‘/proc/1731/ns’: Permission denied
find: ‘/proc/1732/task/1732/fd’: Permission denied
find: ‘/proc/1732/task/1732/fdinfo’: Permission denied
find: ‘/proc/1732/task/1732/ns’: Permission denied
find: ‘/proc/1732/task/1733/fd’: Permission denied
find: ‘/proc/1732/task/1733/fdinfo’: Permission denied
find: ‘/proc/1732/task/1733/ns’: Permission denied
find: ‘/proc/1732/task/1734/fd’: Permission denied
find: ‘/proc/1732/task/1734/fdinfo’: Permission denied
find: ‘/proc/1732/task/1734/ns’: Permission denied
find: ‘/proc/1732/fd’: Permission denied
find: ‘/proc/1732/map_files’: Permission denied
find: ‘/proc/1732/fdinfo’: Permission denied
find: ‘/proc/1732/ns’: Permission denied
find: ‘/proc/1746/task/1746/fd’: Permission denied
find: ‘/proc/1746/task/1746/fdinfo’: Permission denied
find: ‘/proc/1746/task/1746/ns’: Permission denied
find: ‘/proc/1746/task/1747/fd’: Permission denied
find: ‘/proc/1746/task/1747/fdinfo’: Permission denied
find: ‘/proc/1746/task/1747/ns’: Permission denied
find: ‘/proc/1746/task/1752/fd’: Permission denied
find: ‘/proc/1746/task/1752/fdinfo’: Permission denied
find: ‘/proc/1746/task/1752/ns’: Permission denied
find: ‘/proc/1746/fd’: Permission denied
find: ‘/proc/1746/map_files’: Permission denied
find: ‘/proc/1746/fdinfo’: Permission denied
find: ‘/proc/1746/ns’: Permission denied
find: ‘/proc/1749/task/1749/fd’: Permission denied
find: ‘/proc/1749/task/1749/fdinfo’: Permission denied
find: ‘/proc/1749/task/1749/ns’: Permission denied
find: ‘/proc/1749/task/1759/fd’: Permission denied
find: ‘/proc/1749/task/1759/fdinfo’: Permission denied
find: ‘/proc/1749/task/1759/ns’: Permission denied
find: ‘/proc/1749/task/1760/fd’: Permission denied
find: ‘/proc/1749/task/1760/fdinfo’: Permission denied
find: ‘/proc/1749/task/1760/ns’: Permission denied
find: ‘/proc/1749/task/1761/fd’: Permission denied
find: ‘/proc/1749/task/1761/fdinfo’: Permission denied
find: ‘/proc/1749/task/1761/ns’: Permission denied
find: ‘/proc/1749/fd’: Permission denied
find: ‘/proc/1749/map_files’: Permission denied
find: ‘/proc/1749/fdinfo’: Permission denied
find: ‘/proc/1749/ns’: Permission denied
find: ‘/proc/1751/task/1751/fd’: Permission denied
find: ‘/proc/1751/task/1751/fdinfo’: Permission denied
find: ‘/proc/1751/task/1751/ns’: Permission denied
find: ‘/proc/1751/task/1843/fd’: Permission denied
find: ‘/proc/1751/task/1843/fdinfo’: Permission denied
find: ‘/proc/1751/task/1843/ns’: Permission denied
find: ‘/proc/1751/task/1850/fd’: Permission denied
find: ‘/proc/1751/task/1850/fdinfo’: Permission denied
find: ‘/proc/1751/task/1850/ns’: Permission denied
find: ‘/proc/1751/fd’: Permission denied
find: ‘/proc/1751/map_files’: Permission denied
find: ‘/proc/1751/fdinfo’: Permission denied
find: ‘/proc/1751/ns’: Permission denied
find: ‘/proc/1754/task/1754/fd’: Permission denied
find: ‘/proc/1754/task/1754/fdinfo’: Permission denied
find: ‘/proc/1754/task/1754/ns’: Permission denied
find: ‘/proc/1754/task/1755/fd’: Permission denied
find: ‘/proc/1754/task/1755/fdinfo’: Permission denied
find: ‘/proc/1754/task/1755/ns’: Permission denied
find: ‘/proc/1754/task/1757/fd’: Permission denied
find: ‘/proc/1754/task/1757/fdinfo’: Permission denied
find: ‘/proc/1754/task/1757/ns’: Permission denied
find: ‘/proc/1754/fd’: Permission denied
find: ‘/proc/1754/map_files’: Permission denied
find: ‘/proc/1754/fdinfo’: Permission denied
find: ‘/proc/1754/ns’: Permission denied
find: ‘/proc/1766/task/1766/fd’: Permission denied
find: ‘/proc/1766/task/1766/fdinfo’: Permission denied
find: ‘/proc/1766/task/1766/ns’: Permission denied
find: ‘/proc/1766/task/1778/fd’: Permission denied
find: ‘/proc/1766/task/1778/fdinfo’: Permission denied
find: ‘/proc/1766/task/1778/ns’: Permission denied
find: ‘/proc/1766/task/1781/fd’: Permission denied
find: ‘/proc/1766/task/1781/fdinfo’: Permission denied
find: ‘/proc/1766/task/1781/ns’: Permission denied
find: ‘/proc/1766/fd’: Permission denied
find: ‘/proc/1766/map_files’: Permission denied
find: ‘/proc/1766/fdinfo’: Permission denied
find: ‘/proc/1766/ns’: Permission denied
find: ‘/proc/1767/task/1767/fd’: Permission denied
find: ‘/proc/1767/task/1767/fdinfo’: Permission denied
find: ‘/proc/1767/task/1767/ns’: Permission denied
find: ‘/proc/1767/task/1793/fd’: Permission denied
find: ‘/proc/1767/task/1793/fdinfo’: Permission denied
find: ‘/proc/1767/task/1793/ns’: Permission denied
find: ‘/proc/1767/task/1795/fd’: Permission denied
find: ‘/proc/1767/task/1795/fdinfo’: Permission denied
find: ‘/proc/1767/task/1795/ns’: Permission denied
find: ‘/proc/1767/fd’: Permission denied
find: ‘/proc/1767/map_files’: Permission denied
find: ‘/proc/1767/fdinfo’: Permission denied
find: ‘/proc/1767/ns’: Permission denied
find: ‘/proc/1768/task/1768/fd’: Permission denied
find: ‘/proc/1768/task/1768/fdinfo’: Permission denied
find: ‘/proc/1768/task/1768/ns’: Permission denied
find: ‘/proc/1768/task/1844/fd’: Permission denied
find: ‘/proc/1768/task/1844/fdinfo’: Permission denied
find: ‘/proc/1768/task/1844/ns’: Permission denied
find: ‘/proc/1768/task/1846/fd’: Permission denied
find: ‘/proc/1768/task/1846/fdinfo’: Permission denied
find: ‘/proc/1768/task/1846/ns’: Permission denied
find: ‘/proc/1768/task/1856/fd’: Permission denied
find: ‘/proc/1768/task/1856/fdinfo’: Permission denied
find: ‘/proc/1768/task/1856/ns’: Permission denied
find: ‘/proc/1768/fd’: Permission denied
find: ‘/proc/1768/map_files’: Permission denied
find: ‘/proc/1768/fdinfo’: Permission denied
find: ‘/proc/1768/ns’: Permission denied
find: ‘/proc/1769/task/1769/fd’: Permission denied
find: ‘/proc/1769/task/1769/fdinfo’: Permission denied
find: ‘/proc/1769/task/1769/ns’: Permission denied
find: ‘/proc/1769/task/1775/fd’: Permission denied
find: ‘/proc/1769/task/1775/fdinfo’: Permission denied
find: ‘/proc/1769/task/1775/ns’: Permission denied
find: ‘/proc/1769/task/1776/fd’: Permission denied
find: ‘/proc/1769/task/1776/fdinfo’: Permission denied
find: ‘/proc/1769/task/1776/ns’: Permission denied
find: ‘/proc/1769/task/1818/fd’: Permission denied
find: ‘/proc/1769/task/1818/fdinfo’: Permission denied
find: ‘/proc/1769/task/1818/ns’: Permission denied
find: ‘/proc/1769/fd’: Permission denied
find: ‘/proc/1769/map_files’: Permission denied
find: ‘/proc/1769/fdinfo’: Permission denied
find: ‘/proc/1769/ns’: Permission denied
find: ‘/proc/1772/task/1772/fd’: Permission denied
find: ‘/proc/1772/task/1772/fdinfo’: Permission denied
find: ‘/proc/1772/task/1772/ns’: Permission denied
find: ‘/proc/1772/task/1848/fd’: Permission denied
find: ‘/proc/1772/task/1848/fdinfo’: Permission denied
find: ‘/proc/1772/task/1848/ns’: Permission denied
find: ‘/proc/1772/task/1853/fd’: Permission denied
find: ‘/proc/1772/task/1853/fdinfo’: Permission denied
find: ‘/proc/1772/task/1853/ns’: Permission denied
find: ‘/proc/1772/fd’: Permission denied
find: ‘/proc/1772/map_files’: Permission denied
find: ‘/proc/1772/fdinfo’: Permission denied
find: ‘/proc/1772/ns’: Permission denied
find: ‘/proc/1774/task/1774/fd’: Permission denied
find: ‘/proc/1774/task/1774/fdinfo’: Permission denied
find: ‘/proc/1774/task/1774/ns’: Permission denied
find: ‘/proc/1774/task/1840/fd’: Permission denied
find: ‘/proc/1774/task/1840/fdinfo’: Permission denied
find: ‘/proc/1774/task/1840/ns’: Permission denied
find: ‘/proc/1774/task/1841/fd’: Permission denied
find: ‘/proc/1774/task/1841/fdinfo’: Permission denied
find: ‘/proc/1774/task/1841/ns’: Permission denied
find: ‘/proc/1774/task/1842/fd’: Permission denied
find: ‘/proc/1774/task/1842/fdinfo’: Permission denied
find: ‘/proc/1774/task/1842/ns’: Permission denied
find: ‘/proc/1774/fd’: Permission denied
find: ‘/proc/1774/map_files’: Permission denied
find: ‘/proc/1774/fdinfo’: Permission denied
find: ‘/proc/1774/ns’: Permission denied
find: ‘/proc/1782/task/1782/fd’: Permission denied
find: ‘/proc/1782/task/1782/fdinfo’: Permission denied
find: ‘/proc/1782/task/1782/ns’: Permission denied
find: ‘/proc/1782/task/1819/fd’: Permission denied
find: ‘/proc/1782/task/1819/fdinfo’: Permission denied
find: ‘/proc/1782/task/1819/ns’: Permission denied
find: ‘/proc/1782/task/1820/fd’: Permission denied
find: ‘/proc/1782/task/1820/fdinfo’: Permission denied
find: ‘/proc/1782/task/1820/ns’: Permission denied
find: ‘/proc/1782/fd’: Permission denied
find: ‘/proc/1782/map_files’: Permission denied
find: ‘/proc/1782/fdinfo’: Permission denied
find: ‘/proc/1782/ns’: Permission denied
find: ‘/proc/1783/task/1783/fd’: Permission denied
find: ‘/proc/1783/task/1783/fdinfo’: Permission denied
find: ‘/proc/1783/task/1783/ns’: Permission denied
find: ‘/proc/1783/task/1785/fd’: Permission denied
find: ‘/proc/1783/task/1785/fdinfo’: Permission denied
find: ‘/proc/1783/task/1785/ns’: Permission denied
find: ‘/proc/1783/task/1787/fd’: Permission denied
find: ‘/proc/1783/task/1787/fdinfo’: Permission denied
find: ‘/proc/1783/task/1787/ns’: Permission denied
find: ‘/proc/1783/fd’: Permission denied
find: ‘/proc/1783/map_files’: Permission denied
find: ‘/proc/1783/fdinfo’: Permission denied
find: ‘/proc/1783/ns’: Permission denied
find: ‘/proc/1784/task/1784/fd’: Permission denied
find: ‘/proc/1784/task/1784/fdinfo’: Permission denied
find: ‘/proc/1784/task/1784/ns’: Permission denied
find: ‘/proc/1784/task/1835/fd’: Permission denied
find: ‘/proc/1784/task/1835/fdinfo’: Permission denied
find: ‘/proc/1784/task/1835/ns’: Permission denied
find: ‘/proc/1784/task/1836/fd’: Permission denied
find: ‘/proc/1784/task/1836/fdinfo’: Permission denied
find: ‘/proc/1784/task/1836/ns’: Permission denied
find: ‘/proc/1784/task/1838/fd’: Permission denied
find: ‘/proc/1784/task/1838/fdinfo’: Permission denied
find: ‘/proc/1784/task/1838/ns’: Permission denied
find: ‘/proc/1784/fd’: Permission denied
find: ‘/proc/1784/map_files’: Permission denied
find: ‘/proc/1784/fdinfo’: Permission denied
find: ‘/proc/1784/ns’: Permission denied
find: ‘/proc/1788/task/1788/fd’: Permission denied
find: ‘/proc/1788/task/1788/fdinfo’: Permission denied
find: ‘/proc/1788/task/1788/ns’: Permission denied
find: ‘/proc/1788/task/1837/fd’: Permission denied
find: ‘/proc/1788/task/1837/fdinfo’: Permission denied
find: ‘/proc/1788/task/1837/ns’: Permission denied
find: ‘/proc/1788/task/1839/fd’: Permission denied
find: ‘/proc/1788/task/1839/fdinfo’: Permission denied
find: ‘/proc/1788/task/1839/ns’: Permission denied
find: ‘/proc/1788/task/1863/fd’: Permission denied
find: ‘/proc/1788/task/1863/fdinfo’: Permission denied
find: ‘/proc/1788/task/1863/ns’: Permission denied
find: ‘/proc/1788/fd’: Permission denied
find: ‘/proc/1788/map_files’: Permission denied
find: ‘/proc/1788/fdinfo’: Permission denied
find: ‘/proc/1788/ns’: Permission denied
find: ‘/proc/1789/task/1789/fd’: Permission denied
find: ‘/proc/1789/task/1789/fdinfo’: Permission denied
find: ‘/proc/1789/task/1789/ns’: Permission denied
find: ‘/proc/1789/task/1791/fd’: Permission denied
find: ‘/proc/1789/task/1791/fdinfo’: Permission denied
find: ‘/proc/1789/task/1791/ns’: Permission denied
find: ‘/proc/1789/task/1792/fd’: Permission denied
find: ‘/proc/1789/task/1792/fdinfo’: Permission denied
find: ‘/proc/1789/task/1792/ns’: Permission denied
find: ‘/proc/1789/fd’: Permission denied
find: ‘/proc/1789/map_files’: Permission denied
find: ‘/proc/1789/fdinfo’: Permission denied
find: ‘/proc/1789/ns’: Permission denied
find: ‘/proc/1790/task/1790/fd’: Permission denied
find: ‘/proc/1790/task/1790/fdinfo’: Permission denied
find: ‘/proc/1790/task/1790/ns’: Permission denied
find: ‘/proc/1790/task/1832/fd’: Permission denied
find: ‘/proc/1790/task/1832/fdinfo’: Permission denied
find: ‘/proc/1790/task/1832/ns’: Permission denied
find: ‘/proc/1790/task/1834/fd’: Permission denied
find: ‘/proc/1790/task/1834/fdinfo’: Permission denied
find: ‘/proc/1790/task/1834/ns’: Permission denied
find: ‘/proc/1790/task/1857/fd’: Permission denied
find: ‘/proc/1790/task/1857/fdinfo’: Permission denied
find: ‘/proc/1790/task/1857/ns’: Permission denied
find: ‘/proc/1790/fd’: Permission denied
find: ‘/proc/1790/map_files’: Permission denied
find: ‘/proc/1790/fdinfo’: Permission denied
find: ‘/proc/1790/ns’: Permission denied
find: ‘/proc/1794/task/1794/fd’: Permission denied
find: ‘/proc/1794/task/1794/fdinfo’: Permission denied
find: ‘/proc/1794/task/1794/ns’: Permission denied
find: ‘/proc/1794/task/1798/fd’: Permission denied
find: ‘/proc/1794/task/1798/fdinfo’: Permission denied
find: ‘/proc/1794/task/1798/ns’: Permission denied
find: ‘/proc/1794/task/1799/fd’: Permission denied
find: ‘/proc/1794/task/1799/fdinfo’: Permission denied
find: ‘/proc/1794/task/1799/ns’: Permission denied
find: ‘/proc/1794/fd’: Permission denied
find: ‘/proc/1794/map_files’: Permission denied
find: ‘/proc/1794/fdinfo’: Permission denied
find: ‘/proc/1794/ns’: Permission denied
find: ‘/proc/1796/task/1796/fd’: Permission denied
find: ‘/proc/1796/task/1796/fdinfo’: Permission denied
find: ‘/proc/1796/task/1796/ns’: Permission denied
find: ‘/proc/1796/task/1801/fd’: Permission denied
find: ‘/proc/1796/task/1801/fdinfo’: Permission denied
find: ‘/proc/1796/task/1801/ns’: Permission denied
find: ‘/proc/1796/task/1802/fd’: Permission denied
find: ‘/proc/1796/task/1802/fdinfo’: Permission denied
find: ‘/proc/1796/task/1802/ns’: Permission denied
find: ‘/proc/1796/fd’: Permission denied
find: ‘/proc/1796/map_files’: Permission denied
find: ‘/proc/1796/fdinfo’: Permission denied
find: ‘/proc/1796/ns’: Permission denied
find: ‘/proc/1800/task/1800/fd’: Permission denied
find: ‘/proc/1800/task/1800/fdinfo’: Permission denied
find: ‘/proc/1800/task/1800/ns’: Permission denied
find: ‘/proc/1800/task/1804/fd’: Permission denied
find: ‘/proc/1800/task/1804/fdinfo’: Permission denied
find: ‘/proc/1800/task/1804/ns’: Permission denied
find: ‘/proc/1800/task/1806/fd’: Permission denied
find: ‘/proc/1800/task/1806/fdinfo’: Permission denied
find: ‘/proc/1800/task/1806/ns’: Permission denied
find: ‘/proc/1800/fd’: Permission denied
find: ‘/proc/1800/map_files’: Permission denied
find: ‘/proc/1800/fdinfo’: Permission denied
find: ‘/proc/1800/ns’: Permission denied
find: ‘/proc/1803/task/1803/fd’: Permission denied
find: ‘/proc/1803/task/1803/fdinfo’: Permission denied
find: ‘/proc/1803/task/1803/ns’: Permission denied
find: ‘/proc/1803/task/1811/fd’: Permission denied
find: ‘/proc/1803/task/1811/fdinfo’: Permission denied
find: ‘/proc/1803/task/1811/ns’: Permission denied
find: ‘/proc/1803/task/1812/fd’: Permission denied
find: ‘/proc/1803/task/1812/fdinfo’: Permission denied
find: ‘/proc/1803/task/1812/ns’: Permission denied
find: ‘/proc/1803/task/1813/fd’: Permission denied
find: ‘/proc/1803/task/1813/fdinfo’: Permission denied
find: ‘/proc/1803/task/1813/ns’: Permission denied
find: ‘/proc/1803/fd’: Permission denied
find: ‘/proc/1803/map_files’: Permission denied
find: ‘/proc/1803/fdinfo’: Permission denied
find: ‘/proc/1803/ns’: Permission denied
find: ‘/proc/1807/task/1807/fd’: Permission denied
find: ‘/proc/1807/task/1807/fdinfo’: Permission denied
find: ‘/proc/1807/task/1807/ns’: Permission denied
find: ‘/proc/1807/task/1809/fd’: Permission denied
find: ‘/proc/1807/task/1809/fdinfo’: Permission denied
find: ‘/proc/1807/task/1809/ns’: Permission denied
find: ‘/proc/1807/task/1810/fd’: Permission denied
find: ‘/proc/1807/task/1810/fdinfo’: Permission denied
find: ‘/proc/1807/task/1810/ns’: Permission denied
find: ‘/proc/1807/task/1822/fd’: Permission denied
find: ‘/proc/1807/task/1822/fdinfo’: Permission denied
find: ‘/proc/1807/task/1822/ns’: Permission denied
find: ‘/proc/1807/task/1823/fd’: Permission denied
find: ‘/proc/1807/task/1823/fdinfo’: Permission denied
find: ‘/proc/1807/task/1823/ns’: Permission denied
find: ‘/proc/1807/fd’: Permission denied
find: ‘/proc/1807/map_files’: Permission denied
find: ‘/proc/1807/fdinfo’: Permission denied
find: ‘/proc/1807/ns’: Permission denied
find: ‘/proc/1808/task/1808/fd’: Permission denied
find: ‘/proc/1808/task/1808/fdinfo’: Permission denied
find: ‘/proc/1808/task/1808/ns’: Permission denied
find: ‘/proc/1808/task/1815/fd’: Permission denied
find: ‘/proc/1808/task/1815/fdinfo’: Permission denied
find: ‘/proc/1808/task/1815/ns’: Permission denied
find: ‘/proc/1808/task/1816/fd’: Permission denied
find: ‘/proc/1808/task/1816/fdinfo’: Permission denied
find: ‘/proc/1808/task/1816/ns’: Permission denied
find: ‘/proc/1808/task/1821/fd’: Permission denied
find: ‘/proc/1808/task/1821/fdinfo’: Permission denied
find: ‘/proc/1808/task/1821/ns’: Permission denied
find: ‘/proc/1808/fd’: Permission denied
find: ‘/proc/1808/map_files’: Permission denied
find: ‘/proc/1808/fdinfo’: Permission denied
find: ‘/proc/1808/ns’: Permission denied
find: ‘/proc/1814/task/1814/fd’: Permission denied
find: ‘/proc/1814/task/1814/fdinfo’: Permission denied
find: ‘/proc/1814/task/1814/ns’: Permission denied
find: ‘/proc/1814/task/1845/fd’: Permission denied
find: ‘/proc/1814/task/1845/fdinfo’: Permission denied
find: ‘/proc/1814/task/1845/ns’: Permission denied
find: ‘/proc/1814/task/1847/fd’: Permission denied
find: ‘/proc/1814/task/1847/fdinfo’: Permission denied
find: ‘/proc/1814/task/1847/ns’: Permission denied
find: ‘/proc/1814/fd’: Permission denied
find: ‘/proc/1814/map_files’: Permission denied
find: ‘/proc/1814/fdinfo’: Permission denied
find: ‘/proc/1814/ns’: Permission denied
find: ‘/proc/1827/task/1827/fd’: Permission denied
find: ‘/proc/1827/task/1827/fdinfo’: Permission denied
find: ‘/proc/1827/task/1827/ns’: Permission denied
find: ‘/proc/1827/task/1828/fd’: Permission denied
find: ‘/proc/1827/task/1828/fdinfo’: Permission denied
find: ‘/proc/1827/task/1828/ns’: Permission denied
find: ‘/proc/1827/task/1829/fd’: Permission denied
find: ‘/proc/1827/task/1829/fdinfo’: Permission denied
find: ‘/proc/1827/task/1829/ns’: Permission denied
find: ‘/proc/1827/fd’: Permission denied
find: ‘/proc/1827/map_files’: Permission denied
find: ‘/proc/1827/fdinfo’: Permission denied
find: ‘/proc/1827/ns’: Permission denied
find: ‘/proc/1858/task/1858/fd’: Permission denied
find: ‘/proc/1858/task/1858/fdinfo’: Permission denied
find: ‘/proc/1858/task/1858/ns’: Permission denied
find: ‘/proc/1858/task/1864/fd’: Permission denied
find: ‘/proc/1858/task/1864/fdinfo’: Permission denied
find: ‘/proc/1858/task/1864/ns’: Permission denied
find: ‘/proc/1858/task/1869/fd’: Permission denied
find: ‘/proc/1858/task/1869/fdinfo’: Permission denied
find: ‘/proc/1858/task/1869/ns’: Permission denied
find: ‘/proc/1858/fd’: Permission denied
find: ‘/proc/1858/map_files’: Permission denied
find: ‘/proc/1858/fdinfo’: Permission denied
find: ‘/proc/1858/ns’: Permission denied
find: ‘/proc/1891/task/1891/fd’: Permission denied
find: ‘/proc/1891/task/1891/fdinfo’: Permission denied
find: ‘/proc/1891/task/1891/ns’: Permission denied
find: ‘/proc/1891/task/1892/fd’: Permission denied
find: ‘/proc/1891/task/1892/fdinfo’: Permission denied
find: ‘/proc/1891/task/1892/ns’: Permission denied
find: ‘/proc/1891/task/1893/fd’: Permission denied
find: ‘/proc/1891/task/1893/fdinfo’: Permission denied
find: ‘/proc/1891/task/1893/ns’: Permission denied
find: ‘/proc/1891/fd’: Permission denied
find: ‘/proc/1891/map_files’: Permission denied
find: ‘/proc/1891/fdinfo’: Permission denied
find: ‘/proc/1891/ns’: Permission denied
find: ‘/proc/1897/task/1897/fd’: Permission denied
find: ‘/proc/1897/task/1897/fdinfo’: Permission denied
find: ‘/proc/1897/task/1897/ns’: Permission denied
find: ‘/proc/1897/fd’: Permission denied
find: ‘/proc/1897/map_files’: Permission denied
find: ‘/proc/1897/fdinfo’: Permission denied
find: ‘/proc/1897/ns’: Permission denied
find: ‘/proc/1910/task/1910/fd’: Permission denied
find: ‘/proc/1910/task/1910/fdinfo’: Permission denied
find: ‘/proc/1910/task/1910/ns’: Permission denied
find: ‘/proc/1910/task/1911/fd’: Permission denied
find: ‘/proc/1910/task/1911/fdinfo’: Permission denied
find: ‘/proc/1910/task/1911/ns’: Permission denied
find: ‘/proc/1910/task/1912/fd’: Permission denied
find: ‘/proc/1910/task/1912/fdinfo’: Permission denied
find: ‘/proc/1910/task/1912/ns’: Permission denied
find: ‘/proc/1910/task/2052/fd’: Permission denied
find: ‘/proc/1910/task/2052/fdinfo’: Permission denied
find: ‘/proc/1910/task/2052/ns’: Permission denied
find: ‘/proc/1910/fd’: Permission denied
find: ‘/proc/1910/map_files’: Permission denied
find: ‘/proc/1910/fdinfo’: Permission denied
find: ‘/proc/1910/ns’: Permission denied
find: ‘/proc/2016/task/2016/fd’: Permission denied
find: ‘/proc/2016/task/2016/fdinfo’: Permission denied
find: ‘/proc/2016/task/2016/ns’: Permission denied
find: ‘/proc/2016/fd’: Permission denied
find: ‘/proc/2016/map_files’: Permission denied
find: ‘/proc/2016/fdinfo’: Permission denied
find: ‘/proc/2016/ns’: Permission denied
find: ‘/proc/2353/task/2353/fd’: Permission denied
find: ‘/proc/2353/task/2353/fdinfo’: Permission denied
find: ‘/proc/2353/task/2353/ns’: Permission denied
find: ‘/proc/2353/task/2354/fd’: Permission denied
find: ‘/proc/2353/task/2354/fdinfo’: Permission denied
find: ‘/proc/2353/task/2354/ns’: Permission denied
find: ‘/proc/2353/task/2356/fd’: Permission denied
find: ‘/proc/2353/task/2356/fdinfo’: Permission denied
find: ‘/proc/2353/task/2356/ns’: Permission denied
find: ‘/proc/2353/task/2357/fd’: Permission denied
find: ‘/proc/2353/task/2357/fdinfo’: Permission denied
find: ‘/proc/2353/task/2357/ns’: Permission denied
find: ‘/proc/2353/task/2358/fd’: Permission denied
find: ‘/proc/2353/task/2358/fdinfo’: Permission denied
find: ‘/proc/2353/task/2358/ns’: Permission denied
find: ‘/proc/2353/fd’: Permission denied
find: ‘/proc/2353/map_files’: Permission denied
find: ‘/proc/2353/fdinfo’: Permission denied
find: ‘/proc/2353/ns’: Permission denied
find: ‘/proc/2529/task/2529/fd’: Permission denied
find: ‘/proc/2529/task/2529/fdinfo’: Permission denied
find: ‘/proc/2529/task/2529/ns’: Permission denied
find: ‘/proc/2529/fd’: Permission denied
find: ‘/proc/2529/map_files’: Permission denied
find: ‘/proc/2529/fdinfo’: Permission denied
find: ‘/proc/2529/ns’: Permission denied
find: ‘/proc/2530/task/2530/fd’: Permission denied
find: ‘/proc/2530/task/2530/fdinfo’: Permission denied
find: ‘/proc/2530/task/2530/ns’: Permission denied
find: ‘/proc/2530/task/2532/fd’: Permission denied
find: ‘/proc/2530/task/2532/fdinfo’: Permission denied
find: ‘/proc/2530/task/2532/ns’: Permission denied
find: ‘/proc/2530/task/2533/fd’: Permission denied
find: ‘/proc/2530/task/2533/fdinfo’: Permission denied
find: ‘/proc/2530/task/2533/ns’: Permission denied
find: ‘/proc/2530/fd’: Permission denied
find: ‘/proc/2530/map_files’: Permission denied
find: ‘/proc/2530/fdinfo’: Permission denied
find: ‘/proc/2530/ns’: Permission denied
find: ‘/proc/2607/task/2607/fd’: Permission denied
find: ‘/proc/2607/task/2607/fdinfo’: Permission denied
find: ‘/proc/2607/task/2607/ns’: Permission denied
find: ‘/proc/2607/fd’: Permission denied
find: ‘/proc/2607/map_files’: Permission denied
find: ‘/proc/2607/fdinfo’: Permission denied
find: ‘/proc/2607/ns’: Permission denied
find: ‘/proc/2641/task/2641/fd’: Permission denied
find: ‘/proc/2641/task/2641/fdinfo’: Permission denied
find: ‘/proc/2641/task/2641/ns’: Permission denied
find: ‘/proc/2641/fd’: Permission denied
find: ‘/proc/2641/map_files’: Permission denied
find: ‘/proc/2641/fdinfo’: Permission denied
find: ‘/proc/2641/ns’: Permission denied
find: ‘/proc/2647/task/2647/fd’: Permission denied
find: ‘/proc/2647/task/2647/fdinfo’: Permission denied
find: ‘/proc/2647/task/2647/ns’: Permission denied
find: ‘/proc/2647/fd’: Permission denied
find: ‘/proc/2647/map_files’: Permission denied
find: ‘/proc/2647/fdinfo’: Permission denied
find: ‘/proc/2647/ns’: Permission denied
find: ‘/proc/2775/task/2775/fd’: Permission denied
find: ‘/proc/2775/task/2775/fdinfo’: Permission denied
find: ‘/proc/2775/task/2775/ns’: Permission denied
find: ‘/proc/2775/fd’: Permission denied
find: ‘/proc/2775/map_files’: Permission denied
find: ‘/proc/2775/fdinfo’: Permission denied
find: ‘/proc/2775/ns’: Permission denied
find: ‘/run/gdm3’: Permission denied
find: ‘/run/udisks2’: Permission denied
find: ‘/run/cups/certs’: Permission denied
find: ‘/run/user/120’: Permission denied
find: ‘/run/sudo’: Permission denied
find: ‘/run/systemd/resolve/netif’: Permission denied
find: ‘/run/systemd/unit-root’: Permission denied
find: ‘/run/systemd/inaccessible’: Permission denied
find: ‘/opt/lampp/var/mysql/e_comp’: Permission denied
find: ‘/opt/lampp/var/mysql/e_compl’: Permission denied
find: ‘/opt/lampp/var/mysql/performance_schema’: Permission denied
find: ‘/opt/lampp/var/mysql/sample’: Permission denied
find: ‘/opt/lampp/var/mysql/mysql’: Permission denied
find: ‘/opt/lampp/var/mysql/book’: Permission denied
find: ‘/opt/lampp/var/mysql/mycv’: Permission denied
find: ‘/opt/lampp/var/mysql/college’: Permission denied
find: ‘/opt/lampp/var/mysql/student’: Permission denied
find: ‘/opt/lampp/var/mysql/stud’: Permission denied
find: ‘/opt/lampp/var/mysql/test’: Permission denied
find: ‘/opt/lampp/var/mysql/mysql_amal’: Permission denied
find: ‘/opt/lampp/var/mysql/phpmyadmin’: Permission denied
find: ‘/opt/lampp/phpmyadmin/tmp/twig’: Permission denied
find: ‘/sys/kernel/debug’: Permission denied
find: ‘/sys/fs/pstore’: Permission denied
find: ‘/home/mca/.ssh’: Permission denied
find: ‘/home/mca/.java/.userPrefs’: Permission denied
find: ‘/home/mca/.cache’: Permission denied
find: ‘/home/mca/.dbus’: Permission denied
find: ‘/home/mca/.config’: Permission denied
find: ‘/home/mca/.mozilla’: Permission denied
find: ‘/home/mca/.gnupg’: Permission denied
find: ‘/home/mca/.local’: Permission denied
/home/student/ajce/findcommand/aa.txt
/home/student/ajce/aa.txt
find: ‘/home/android/.ssh’: Permission denied
find: ‘/home/android/AndroidStudioProjects/calcuuuu/app/build/generated/source/r/debug/com’: Permission denied
find: ‘/home/android/AndroidStudioProjects/calculator/app/build/generated/source/r/debug/com’: Permission denied
find: ‘/home/android/AndroidStudioProjects/MyApplication4/app/build/generated/source/r/debug/com’: Permission denied
find: ‘/home/android/AndroidStudioProjects/luttappi/app/build/generated/source/r/debug/com’: Permission denied
find: ‘/home/android/AndroidStudioProjects/prgrm_8_student_mark/app/build/generated/source/r/debug/com’: Permission denied
find: ‘/home/android/AndroidStudioProjects/loginnew/app/build/generated/source/r/debug/com’: Permission denied
find: ‘/home/android/AndroidStudioProjects/ALERT/app/build/generated/source/r/debug/com’: Permission denied
find: ‘/home/android/AndroidStudioProjects/PRGM9_IMPLIXIT/app/build/generated/source/r/debug/com’: Permission denied
find: ‘/home/android/AndroidStudioProjects/call/app/build/generated/source/r/debug/com’: Permission denied
find: ‘/home/android/AndroidStudioProjects/MyApplication5/app/build/generated/source/r/debug/com’: Permission denied
find: ‘/home/android/AndroidStudioProjects/calculator2/app/build/generated/source/r/debug/com’: Permission denied
find: ‘/home/android/AndroidStudioProjects/MyApplication3/app/build/generated/source/r/debug/com’: Permission denied
find: ‘/home/android/AndroidStudioProjects/calculatormyprjct/app/build/generated/source/r/debug/com’: Permission denied
find: ‘/home/android/AndroidStudioProjects/MyApplication2/app/build/generated/source/r/debug/com’: Permission denied
find: ‘/home/android/AndroidStudioProjects/add2/app/build/generated/source/r/debug/com’: Permission denied
find: ‘/home/android/AndroidStudioProjects/sql/app/build/generated/source/r/debug/com’: Permission denied
find: ‘/home/android/AndroidStudioProjects/amal/app/build/generated/source/r/debug/com’: Permission denied
find: ‘/home/android/AndroidStudioProjects/prgm1/app/build/generated/source/r/debug/com’: Permission denied
find: ‘/home/android/AndroidStudioProjects/calcu/app/build/generated/source/r/debug/com’: Permission denied
find: ‘/home/android/AndroidStudioProjects/login/app/build/generated/source/r/debug/com’: Permission denied
find: ‘/home/android/AndroidStudioProjects/SQL2/app/build/generated/source/r/debug/com’: Permission denied
find: ‘/home/android/AndroidStudioProjects/MyApp/app/build/generated/source/r/debug/com’: Permission denied
find: ‘/home/android/AndroidStudioProjects/MyApplication6/app/build/generated/source/r/debug/com’: Permission denied
find: ‘/home/android/AndroidStudioProjects/MyApplication/app/build/generated/source/r/debug/com’: Permission denied
find: ‘/home/android/AndroidStudioProjects/listviewalex/app/build/generated/source/r/debug/com’: Permission denied
find: ‘/home/android/AndroidStudioProjects/prgm2/app/build/generated/source/r/debug/com’: Permission denied
find: ‘/home/android/AndroidStudioProjects/calcuprjct/app/build/generated/source/r/debug/com’: Permission denied
find: ‘/home/android/.java/.userPrefs’: Permission denied
find: ‘/home/android/.cache’: Permission denied
find: ‘/home/android/.config’: Permission denied
find: ‘/home/android/.mozilla’: Permission denied
find: ‘/home/android/.gnupg’: Permission denied
find: ‘/home/android/.local’: Permission denied
find: ‘/home/android/.thunderbird’: Permission denied
find: ‘/home/android/.gradle/daemon/4.4’: Permission denied
find: ‘/home/android/.gnome’: Permission denied
find: ‘/etc/chatscripts’: Permission denied
find: ‘/etc/ppp/peers’: Permission denied
find: ‘/etc/cups/ssl’: Permission denied
find: ‘/etc/ssl/private’: Permission denied
find: ‘/etc/polkit-1/localauthority’: Permission denied
find: ‘/root’: Permission denied
find: ‘/snap/core/6350/etc/chatscripts’: Permission denied
find: ‘/snap/core/6350/etc/ppp/peers’: Permission denied
find: ‘/snap/core/6350/etc/ssl/private’: Permission denied
find: ‘/snap/core/6350/root’: Permission denied
find: ‘/snap/core/6350/var/cache/ldconfig’: Permission denied
find: ‘/snap/core/6350/var/lib/machines’: Permission denied
find: ‘/snap/core/6350/var/lib/waagent’: Permission denied
find: ‘/snap/core/6350/var/spool/cron/crontabs’: Permission denied
find: ‘/snap/core/6350/var/spool/rsyslog’: Permission denied
find: ‘/snap/core/6405/etc/chatscripts’: Permission denied
find: ‘/snap/core/6405/etc/ppp/peers’: Permission denied
find: ‘/snap/core/6405/etc/ssl/private’: Permission denied
find: ‘/snap/core/6405/root’: Permission denied
find: ‘/snap/core/6405/var/cache/ldconfig’: Permission denied
find: ‘/snap/core/6405/var/lib/machines’: Permission denied
find: ‘/snap/core/6405/var/lib/waagent’: Permission denied
find: ‘/snap/core/6405/var/spool/cron/crontabs’: Permission denied
find: ‘/snap/core/6405/var/spool/rsyslog’: Permission denied
find: ‘/snap/core/6259/etc/chatscripts’: Permission denied
find: ‘/snap/core/6259/etc/ppp/peers’: Permission denied
find: ‘/snap/core/6259/etc/ssl/private’: Permission denied
find: ‘/snap/core/6259/root’: Permission denied
find: ‘/snap/core/6259/var/cache/ldconfig’: Permission denied
find: ‘/snap/core/6259/var/lib/machines’: Permission denied
find: ‘/snap/core/6259/var/lib/waagent’: Permission denied
find: ‘/snap/core/6259/var/spool/cron/crontabs’: Permission denied
find: ‘/snap/core/6259/var/spool/rsyslog’: Permission denied
find: ‘/var/lib/fwupd/gnupg’: Permission denied
find: ‘/var/lib/private’: Permission denied
find: ‘/var/lib/gdm3/.cache/libgweather’: Permission denied
find: ‘/var/lib/gdm3/.config/gnome-session’: Permission denied
find: ‘/var/lib/gdm3/.config/dconf’: Permission denied
find: ‘/var/lib/gdm3/.config/pulse’: Permission denied
find: ‘/var/lib/gdm3/.config/ibus’: Permission denied
find: ‘/var/lib/gdm3/.gnupg’: Permission denied
find: ‘/var/lib/gdm3/.local’: Permission denied
find: ‘/var/lib/geoclue/.cache’: Permission denied
find: ‘/var/lib/php/sessions’: Permission denied
find: ‘/var/lib/update-notifier/package-data-downloads/partial’: Permission denied
find: ‘/var/lib/snapd/cookie’: Permission denied
find: ‘/var/lib/snapd/cache’: Permission denied
find: ‘/var/lib/colord/.cache’: Permission denied
find: ‘/var/lib/apt/lists/partial’: Permission denied
find: ‘/var/lib/polkit-1’: Permission denied
find: ‘/var/lib/udisks2’: Permission denied
find: ‘/var/tmp/systemd-private-ed70361c37b3487ab5bc2303ff8da2a1-colord.service-xEgX4H’: Permission denied
find: ‘/var/tmp/systemd-private-ed70361c37b3487ab5bc2303ff8da2a1-systemd-resolved.service-d5s7Vk’: Permission denied
find: ‘/var/tmp/systemd-private-ed70361c37b3487ab5bc2303ff8da2a1-bolt.service-zsmAQJ’: Permission denied
find: ‘/var/tmp/systemd-private-ed70361c37b3487ab5bc2303ff8da2a1-rtkit-daemon.service-x46d1W’: Permission denied
find: ‘/var/tmp/systemd-private-ed70361c37b3487ab5bc2303ff8da2a1-systemd-timesyncd.service-T050W0’: Permission denied
find: ‘/var/tmp/systemd-private-ed70361c37b3487ab5bc2303ff8da2a1-fwupd.service-PKyfRm’: Permission denied
find: ‘/var/spool/cron/crontabs’: Permission denied
find: ‘/var/spool/cups’: Permission denied
find: ‘/var/spool/rsyslog’: Permission denied
find: ‘/var/cache/ldconfig’: Permission denied
find: ‘/var/cache/cups’: Permission denied
find: ‘/var/cache/apt/archives/partial’: Permission denied
find: ‘/var/log/gdm3’: Permission denied
find: ‘/var/log/speech-dispatcher’: Permission denied
find: ‘/var/log/unattended-upgrades’: Permission denied
find: ‘/lost+found’: Permission denied
student@T4:~/ajce/findcommand$ find ./ findcommand -name aa.txt
./aa.txt
find: ‘findcommand’: No such file or directory
student@T4:~/ajce/findcommand$ find ./findcommand -name aa.txt
find: ‘./findcommand’: No such file or directory
student@T4:~/ajce/findcommand$ cd..
cd..: command not found
student@T4:~/ajce/findcommand$ cd ..
student@T4:~/ajce$ find ./findcommand -name aa.txt
./findcommand/aa.txt
student@T4:~/ajce$ find ~ -name aa.txt
/home/student/ajce/findcommand/aa.txt
/home/student/ajce/aa.txt
student@T4:~/ajce$ cd findcommand
student@T4:~/ajce/findcommand$ cat > bb.txt
geufrgfiv
they comw up
^C
student@T4:~/ajce/findcommand$ find ./findcommand -name *.txt
find: paths must precede expression: `bb.txt'
find: possible unquoted pattern after predicate `-name'?
student@T4:~/ajce/findcommand$ find ./findcommand -name "*.txt"
find: ‘./findcommand’: No such file or directory
student@T4:~/ajce/findcommand$ find  -name "*.txt"
./aa.txt
./bb.txt
student@T4:~/ajce/findcommand$ find -perm 664
student@T4:~/ajce/findcommand$ cd ..
student@T4:~/ajce$ find -perm 777
student@T4:~/ajce$ find -perm 777
student@T4:~/ajce$ cd ~
student@T4:~$ find -perm 777
./snap/vlc/common/.cache/gio-modules/libgiolibproxy.so
./snap/vlc/common/.cache/gio-modules/libdconfsettings.so
./snap/vlc/common/.cache/gio-modules/libgiognutls.so
./snap/vlc/common/.cache/gio-modules/libgiognomeproxy.so
./snap/vlc/current
./snap/vlc/770/.themes
./snap/vlc/770/.config/gtk-2.0/gtkfilechooser.ini
./snap/vlc/770/.config/dconf/user
./snap/vlc/770/.config/ibus/bus
./snap/vlc/770/.config/gtk-3.0/bookmarks
./snap/vlc/770/.config/gtk-3.0/settings.ini
./snap/vlc/770/.local/share/glib-2.0/schemas/org.gnome.desktop.wm.keybindings.gschema.xml
./snap/vlc/770/.local/share/glib-2.0/schemas/org.gnome.desktop.thumbnail-cache.gschema.xml
./snap/vlc/770/.local/share/glib-2.0/schemas/org.gnome.desktop.a11y.applications.gschema.xml
./snap/vlc/770/.local/share/glib-2.0/schemas/org.gnome.system.location.gschema.xml
./snap/vlc/770/.local/share/glib-2.0/schemas/org.gnome.desktop.lockdown.gschema.xml
./snap/vlc/770/.local/share/glib-2.0/schemas/org.gnome.desktop.notifications.gschema.xml
./snap/vlc/770/.local/share/glib-2.0/schemas/org.gnome.desktop.session.gschema.xml
./snap/vlc/770/.local/share/glib-2.0/schemas/org.gnome.desktop.default-applications.gschema.xml
./snap/vlc/770/.local/share/glib-2.0/schemas/org.gnome.desktop.app-folders.gschema.xml
./snap/vlc/770/.local/share/glib-2.0/schemas/org.gnome.desktop.enums.xml
./snap/vlc/770/.local/share/glib-2.0/schemas/org.gnome.desktop.datetime.gschema.xml
./snap/vlc/770/.local/share/glib-2.0/schemas/org.gnome.desktop.media-handling.gschema.xml
./snap/vlc/770/.local/share/glib-2.0/schemas/10_gsettings-desktop-schemas.gschema.override
./snap/vlc/770/.local/share/glib-2.0/schemas/org.gnome.desktop.a11y.gschema.xml
./snap/vlc/770/.local/share/glib-2.0/schemas/org.gnome.desktop.screensaver.gschema.xml
./snap/vlc/770/.local/share/glib-2.0/schemas/org.gnome.desktop.search-providers.gschema.xml
./snap/vlc/770/.local/share/glib-2.0/schemas/org.gtk.Settings.ColorChooser.gschema.xml
./snap/vlc/770/.local/share/glib-2.0/schemas/org.gnome.system.locale.gschema.xml
./snap/vlc/770/.local/share/glib-2.0/schemas/org.gnome.desktop.interface.gschema.xml
./snap/vlc/770/.local/share/glib-2.0/schemas/org.gnome.desktop.input-sources.gschema.xml
./snap/vlc/770/.local/share/glib-2.0/schemas/org.gnome.desktop.a11y.mouse.gschema.xml
./snap/vlc/770/.local/share/glib-2.0/schemas/org.gtk.Settings.FileChooser.gschema.xml
./snap/vlc/770/.local/share/glib-2.0/schemas/org.gnome.system.proxy.gschema.xml
./snap/vlc/770/.local/share/glib-2.0/schemas/org.gnome.desktop.thumbnailers.gschema.xml
./snap/vlc/770/.local/share/glib-2.0/schemas/org.gnome.desktop.wm.preferences.gschema.xml
./snap/vlc/770/.local/share/glib-2.0/schemas/org.gnome.desktop.privacy.gschema.xml
./snap/vlc/770/.local/share/glib-2.0/schemas/org.gnome.desktop.a11y.keyboard.gschema.xml
./snap/vlc/770/.local/share/glib-2.0/schemas/10_libgtk-3-common.gschema.override
./snap/vlc/770/.local/share/glib-2.0/schemas/org.gnome.desktop.a11y.magnifier.gschema.xml
./snap/vlc/770/.local/share/glib-2.0/schemas/org.gnome.desktop.peripherals.gschema.xml
./snap/vlc/770/.local/share/glib-2.0/schemas/org.gnome.desktop.background.gschema.xml
./snap/vlc/770/.local/share/glib-2.0/schemas/org.gnome.desktop.sound.gschema.xml
./snap/vlc/770/.local/share/themes
./snap/vlc/770/.local/share/icons/Humanity-Dark/COPYING
./snap/vlc/770/.local/share/icons/Humanity-Dark/actions@2
./snap/vlc/770/.local/share/icons/Humanity-Dark/actions
./snap/vlc/770/.local/share/icons/Humanity-Dark/AUTHORS
./snap/vlc/770/.local/share/icons/Humanity-Dark/places
./snap/vlc/770/.local/share/icons/Humanity-Dark/places@2
./snap/vlc/770/.local/share/icons/Humanity-Dark/index.theme
./snap/vlc/770/.local/share/icons/Humanity-Dark/devices
./snap/vlc/770/.local/share/icons/Humanity-Dark/apps
./snap/vlc/770/.local/share/icons/Humanity-Dark/devices@2
./snap/vlc/770/.local/share/icons/Humanity-Dark/status@2
./snap/vlc/770/.local/share/icons/Humanity-Dark/status
./snap/vlc/770/.local/share/icons/Humanity-Dark/apps@2
./snap/vlc/770/.local/share/icons/Humanity/COPYING
./snap/vlc/770/.local/share/icons/Humanity/actions@2
./snap/vlc/770/.local/share/icons/Humanity/mimes
./snap/vlc/770/.local/share/icons/Humanity/actions
./snap/vlc/770/.local/share/icons/Humanity/AUTHORS
./snap/vlc/770/.local/share/icons/Humanity/mimes@2
./snap/vlc/770/.local/share/icons/Humanity/places
./snap/vlc/770/.local/share/icons/Humanity/places@2
./snap/vlc/770/.local/share/icons/Humanity/index.theme
./snap/vlc/770/.local/share/icons/Humanity/CONTRIBUTORS
./snap/vlc/770/.local/share/icons/Humanity/stock@2
./snap/vlc/770/.local/share/icons/Humanity/devices
./snap/vlc/770/.local/share/icons/Humanity/emblems
./snap/vlc/770/.local/share/icons/Humanity/apps
./snap/vlc/770/.local/share/icons/Humanity/emblems@2
./snap/vlc/770/.local/share/icons/Humanity/categories@2
./snap/vlc/770/.local/share/icons/Humanity/devices@2
./snap/vlc/770/.local/share/icons/Humanity/status@2
./snap/vlc/770/.local/share/icons/Humanity/categories
./snap/vlc/770/.local/share/icons/Humanity/stock
./snap/vlc/770/.local/share/icons/Humanity/animations@2
./snap/vlc/770/.local/share/icons/Humanity/animations
./snap/vlc/770/.local/share/icons/Humanity/status
./snap/vlc/770/.local/share/icons/Humanity/apps@2
./snap/vlc/770/.local/share/icons/ubuntu-mono-light/mimes
./snap/vlc/770/.local/share/icons/ubuntu-mono-light/actions
./snap/vlc/770/.local/share/icons/ubuntu-mono-light/places
./snap/vlc/770/.local/share/icons/ubuntu-mono-light/index.theme
./snap/vlc/770/.local/share/icons/ubuntu-mono-light/apps
./snap/vlc/770/.local/share/icons/ubuntu-mono-light/categories
./snap/vlc/770/.local/share/icons/ubuntu-mono-light/stock
./snap/vlc/770/.local/share/icons/ubuntu-mono-light/animations
./snap/vlc/770/.local/share/icons/ubuntu-mono-light/status
./snap/vlc/770/.local/share/icons/breeze-dark/actions
./snap/vlc/770/.local/share/icons/breeze-dark/places
./snap/vlc/770/.local/share/icons/breeze-dark/mimetypes
./snap/vlc/770/.local/share/icons/breeze-dark/index.theme
./snap/vlc/770/.local/share/icons/breeze-dark/devices
./snap/vlc/770/.local/share/icons/breeze-dark/applets
./snap/vlc/770/.local/share/icons/breeze-dark/emblems
./snap/vlc/770/.local/share/icons/breeze-dark/apps
./snap/vlc/770/.local/share/icons/breeze-dark/categories
./snap/vlc/770/.local/share/icons/breeze-dark/emotes
./snap/vlc/770/.local/share/icons/breeze-dark/animations
./snap/vlc/770/.local/share/icons/breeze-dark/preferences
./snap/vlc/770/.local/share/icons/breeze-dark/status
./snap/vlc/770/.local/share/icons/LoginIcons/index.theme
./snap/vlc/770/.local/share/icons/LoginIcons/apps
./snap/vlc/770/.local/share/icons/DMZ-Black/index.theme
./snap/vlc/770/.local/share/icons/DMZ-Black/cursors
./snap/vlc/770/.local/share/icons/DMZ-Black/cursor.theme
./snap/vlc/770/.local/share/icons/DMZ-White/index.theme
./snap/vlc/770/.local/share/icons/DMZ-White/cursors
./snap/vlc/770/.local/share/icons/DMZ-White/cursor.theme
./snap/vlc/770/.local/share/icons/breeze/actions
./snap/vlc/770/.local/share/icons/breeze/places
./snap/vlc/770/.local/share/icons/breeze/mimetypes
./snap/vlc/770/.local/share/icons/breeze/index.theme
./snap/vlc/770/.local/share/icons/breeze/devices
./snap/vlc/770/.local/share/icons/breeze/applets
./snap/vlc/770/.local/share/icons/breeze/emblems
./snap/vlc/770/.local/share/icons/breeze/apps
./snap/vlc/770/.local/share/icons/breeze/categories
./snap/vlc/770/.local/share/icons/breeze/emotes
./snap/vlc/770/.local/share/icons/breeze/animations
./snap/vlc/770/.local/share/icons/breeze/preferences
./snap/vlc/770/.local/share/icons/breeze/status
./snap/vlc/770/.local/share/icons/hicolor/512x512
./snap/vlc/770/.local/share/icons/hicolor/128x128
./snap/vlc/770/.local/share/icons/hicolor/192x192
./snap/vlc/770/.local/share/icons/hicolor/scalable
./snap/vlc/770/.local/share/icons/hicolor/index.theme
./snap/vlc/770/.local/share/icons/hicolor/72x72
./snap/vlc/770/.local/share/icons/hicolor/16x16
./snap/vlc/770/.local/share/icons/hicolor/256x256
./snap/vlc/770/.local/share/icons/hicolor/48x48
./snap/vlc/770/.local/share/icons/hicolor/96x96
./snap/vlc/770/.local/share/icons/hicolor/22x22
./snap/vlc/770/.local/share/icons/hicolor/24x24
./snap/vlc/770/.local/share/icons/hicolor/64x64
./snap/vlc/770/.local/share/icons/hicolor/symbolic
./snap/vlc/770/.local/share/icons/hicolor/36x36
./snap/vlc/770/.local/share/icons/hicolor/32x32
./snap/vlc/770/.local/share/icons/ubuntu-mono-dark/mimes
./snap/vlc/770/.local/share/icons/ubuntu-mono-dark/actions
./snap/vlc/770/.local/share/icons/ubuntu-mono-dark/places
./snap/vlc/770/.local/share/icons/ubuntu-mono-dark/index.theme
./snap/vlc/770/.local/share/icons/ubuntu-mono-dark/apps
./snap/vlc/770/.local/share/icons/ubuntu-mono-dark/categories
./snap/vlc/770/.local/share/icons/ubuntu-mono-dark/stock
./snap/vlc/770/.local/share/icons/ubuntu-mono-dark/animations
./snap/vlc/770/.local/share/icons/ubuntu-mono-dark/status
student@T4:~$ cd ajce
student@T4:~/ajce$ find ~ -name findcommand
/home/student/ajce/findcommand
student@T4:~/ajce$ find /home -iname aa.txt
find: ‘/home/mca/.ssh’: Permission denied
find: ‘/home/mca/.java/.userPrefs’: Permission denied
find: ‘/home/mca/.cache’: Permission denied
find: ‘/home/mca/.dbus’: Permission denied
find: ‘/home/mca/.config’: Permission denied
find: ‘/home/mca/.mozilla’: Permission denied
find: ‘/home/mca/.gnupg’: Permission denied
find: ‘/home/mca/.local’: Permission denied
/home/student/ajce/findcommand/aa.txt
/home/student/ajce/aa.txt
find: ‘/home/android/.ssh’: Permission denied
find: ‘/home/android/AndroidStudioProjects/calcuuuu/app/build/generated/source/r/debug/com’: Permission denied
find: ‘/home/android/AndroidStudioProjects/calculator/app/build/generated/source/r/debug/com’: Permission denied
find: ‘/home/android/AndroidStudioProjects/MyApplication4/app/build/generated/source/r/debug/com’: Permission denied
find: ‘/home/android/AndroidStudioProjects/luttappi/app/build/generated/source/r/debug/com’: Permission denied
find: ‘/home/android/AndroidStudioProjects/prgrm_8_student_mark/app/build/generated/source/r/debug/com’: Permission denied
find: ‘/home/android/AndroidStudioProjects/loginnew/app/build/generated/source/r/debug/com’: Permission denied
find: ‘/home/android/AndroidStudioProjects/ALERT/app/build/generated/source/r/debug/com’: Permission denied
find: ‘/home/android/AndroidStudioProjects/PRGM9_IMPLIXIT/app/build/generated/source/r/debug/com’: Permission denied
find: ‘/home/android/AndroidStudioProjects/call/app/build/generated/source/r/debug/com’: Permission denied
find: ‘/home/android/AndroidStudioProjects/MyApplication5/app/build/generated/source/r/debug/com’: Permission denied
find: ‘/home/android/AndroidStudioProjects/calculator2/app/build/generated/source/r/debug/com’: Permission denied
find: ‘/home/android/AndroidStudioProjects/MyApplication3/app/build/generated/source/r/debug/com’: Permission denied
find: ‘/home/android/AndroidStudioProjects/calculatormyprjct/app/build/generated/source/r/debug/com’: Permission denied
find: ‘/home/android/AndroidStudioProjects/MyApplication2/app/build/generated/source/r/debug/com’: Permission denied
find: ‘/home/android/AndroidStudioProjects/add2/app/build/generated/source/r/debug/com’: Permission denied
find: ‘/home/android/AndroidStudioProjects/sql/app/build/generated/source/r/debug/com’: Permission denied
find: ‘/home/android/AndroidStudioProjects/amal/app/build/generated/source/r/debug/com’: Permission denied
find: ‘/home/android/AndroidStudioProjects/prgm1/app/build/generated/source/r/debug/com’: Permission denied
find: ‘/home/android/AndroidStudioProjects/calcu/app/build/generated/source/r/debug/com’: Permission denied
find: ‘/home/android/AndroidStudioProjects/login/app/build/generated/source/r/debug/com’: Permission denied
find: ‘/home/android/AndroidStudioProjects/SQL2/app/build/generated/source/r/debug/com’: Permission denied
find: ‘/home/android/AndroidStudioProjects/MyApp/app/build/generated/source/r/debug/com’: Permission denied
find: ‘/home/android/AndroidStudioProjects/MyApplication6/app/build/generated/source/r/debug/com’: Permission denied
find: ‘/home/android/AndroidStudioProjects/MyApplication/app/build/generated/source/r/debug/com’: Permission denied
find: ‘/home/android/AndroidStudioProjects/listviewalex/app/build/generated/source/r/debug/com’: Permission denied
find: ‘/home/android/AndroidStudioProjects/prgm2/app/build/generated/source/r/debug/com’: Permission denied
find: ‘/home/android/AndroidStudioProjects/calcuprjct/app/build/generated/source/r/debug/com’: Permission denied
find: ‘/home/android/.java/.userPrefs’: Permission denied
find: ‘/home/android/.cache’: Permission denied
find: ‘/home/android/.config’: Permission denied
find: ‘/home/android/.mozilla’: Permission denied
find: ‘/home/android/.gnupg’: Permission denied
find: ‘/home/android/.local’: Permission denied
find: ‘/home/android/.thunderbird’: Permission denied
find: ‘/home/android/.gradle/daemon/4.4’: Permission denied
find: ‘/home/android/.gnome’: Permission denied
student@T4:~/ajce$ find /-type d -name findcommand
find: ‘/-type’: No such file or directory
find: ‘d’: No such file or directory
student@T4:~/ajce$ mkdir tarcommand
student@T4:~/ajce$ cd tarcommand
student@T4:~/ajce/tarcommand$ cat > aa.txt
hello
how are you
^C
student@T4:~/ajce/tarcommand$ cat > bb.txt
wat abt you
where r u now
^C
student@T4:~/ajce/tarcommand$ cat > cc.txt
hello whats up
how do u do
^C
student@T4:~/ajce/tarcommand$ tar -czvf aatwo.tar.gz aa 
tar: aa: Cannot stat: No such file or directory
tar: Exiting with failure status due to previous errors
student@T4:~/ajce/tarcommand$ tar -czvf aatwo.tar.gz aa.txt 
aa.txt
student@T4:~/ajce/tarcommand$ tar -xzvf aatwo.tar.gz  
aa.txt
student@T4:~/ajce/tarcommand$ tar -czvf aatwo.tar.gz aa.txt 
aa.txt
student@T4:~/ajce/tarcommand$ tar -czf aatwo.tar.gz aa.txt 
student@T4:~/ajce/tarcommand$ tar -xzf aatwo.tar.gz  
student@T4:~/ajce/tarcommand$ tar -czf aatwo.tar.gz aa.txt 
student@T4:~/ajce/tarcommand$ 

