student@T4:~$ cd ajce
student@T4:~/ajce$ mkdir expr command
student@T4:~/ajce$ cd expr command
bash: cd: too many arguments
student@T4:~/ajce$ mkdir exprcommand
student@T4:~/ajce$ cd exprcommand
student@T4:~/ajce/exprcommand$ expr `11+12`
11+12: command not found
expr: missing operand
Try 'expr --help' for more information.
student@T4:~/ajce/exprcommand$ expr 11+12
11+12
student@T4:~/ajce/exprcommand$ expr 11 + 12
23
student@T4:~/ajce/exprcommand$ expr 12 \* 8
96
student@T4:~/ajce/exprcommand$ echo $a

student@T4:~/ajce/exprcommand$ y=10
student@T4:~/ajce/exprcommand$ y= `expr $y + 1`
11: command not found
student@T4:~/ajce/exprcommand$ y= ` expr $y + 1 `
11: command not found
student@T4:~/ajce/exprcommand$ y=`expr $y + 1`
student@T4:~/ajce/exprcommand$ echo $y
11
student@T4:~/ajce/exprcommand$ a=10
student@T4:~/ajce/exprcommand$ echo $a
10
student@T4:~/ajce/exprcommand$ echo "Enter two numbers"
Enter two numbers
student@T4:~/ajce/exprcommand$ read x
14
student@T4:~/ajce/exprcommand$ read y
45
student@T4:~/ajce/exprcommand$ sum='expr $x + $y'
student@T4:~/ajce/exprcommand$ echo "Sum = $sum"
Sum = expr $x + $y
student@T4:~/ajce/exprcommand$ echo "Sum =" $sum
Sum = expr $x + $y
student@T4:~/ajce/exprcommand$ sum= 'expr $x + $y'
expr $x + $y: command not found
student@T4:~/ajce/exprcommand$ sum=`expr $x + $y`
student@T4:~/ajce/exprcommand$ echo $sum 
59
student@T4:~/ajce/exprcommand$ expr -- help
help
student@T4:~/ajce/exprcommand$ expr - - help
expr: non-integer argument
student@T4:~/ajce/exprcommand$ expr --help
Usage: expr EXPRESSION
  or:  expr OPTION

      --help     display this help and exit
      --version  output version information and exit

Print the value of EXPRESSION to standard output.  A blank line below
separates increasing precedence groups.  EXPRESSION may be:

  ARG1 | ARG2       ARG1 if it is neither null nor 0, otherwise ARG2

  ARG1 & ARG2       ARG1 if neither argument is null or 0, otherwise 0

  ARG1 < ARG2       ARG1 is less than ARG2
  ARG1 <= ARG2      ARG1 is less than or equal to ARG2
  ARG1 = ARG2       ARG1 is equal to ARG2
  ARG1 != ARG2      ARG1 is unequal to ARG2
  ARG1 >= ARG2      ARG1 is greater than or equal to ARG2
  ARG1 > ARG2       ARG1 is greater than ARG2

  ARG1 + ARG2       arithmetic sum of ARG1 and ARG2
  ARG1 - ARG2       arithmetic difference of ARG1 and ARG2

  ARG1 * ARG2       arithmetic product of ARG1 and ARG2
  ARG1 / ARG2       arithmetic quotient of ARG1 divided by ARG2
  ARG1 % ARG2       arithmetic remainder of ARG1 divided by ARG2

  STRING : REGEXP   anchored pattern match of REGEXP in STRING

  match STRING REGEXP        same as STRING : REGEXP
  substr STRING POS LENGTH   substring of STRING, POS counted from 1
  index STRING CHARS         index in STRING where any CHARS is found, or 0
  length STRING              length of STRING
  + TOKEN                    interpret TOKEN as a string, even if it is a
                               keyword like 'match' or an operator like '/'

  ( EXPRESSION )             value of EXPRESSION

Beware that many operators need to be escaped or quoted for shells.
Comparisons are arithmetic if both ARGs are numbers, else lexicographical.
Pattern matches return the string matched between \( and \) or null; if
\( and \) are not used, they return the number of characters matched or 0.

Exit status is 0 if EXPRESSION is neither null nor 0, 1 if EXPRESSION is null
or 0, 2 if EXPRESSION is syntactically invalid, and 3 if an error occurred.

GNU coreutils online help: <http://www.gnu.org/software/coreutils/>
Full documentation at: <http://www.gnu.org/software/coreutils/expr>
or available locally via: info '(coreutils) expr invocation'
student@T4:~/ajce/exprcommand$ a=anjanaalex
student@T4:~/ajce/exprcommand$ b=`expr length $a`
student@T4:~/ajce/exprcommand$ echo $b
10
student@T4:~/ajce/exprcommand$ p=kariappuramhouse
student@T4:~/ajce/exprcommand$ s=`expr substr $p 3 7`
student@T4:~/ajce/exprcommand$ echo $s
riappur
student@T4:~/ajce/exprcommand$ man expr
student@T4:~/ajce/exprcommand$ read w
23
student@T4:~/ajce/exprcommand$ read 56
bash: read: `56': not a valid identifier
student@T4:~/ajce/exprcommand$ read r
56
student@T4:~/ajce/exprcommand$ res=`expr $w = $r`
student@T4:~/ajce/exprcommand$ echo $res
0
student@T4:~/ajce/exprcommand$ read w
11
student@T4:~/ajce/exprcommand$ read r
11
student@T4:~/ajce/exprcommand$ res=`expr $w = $r`
student@T4:~/ajce/exprcommand$ echo $res
1
student@T4:~/ajce/exprcommand$ 

